                                                                                                                        
                                                                                                                        
                                                                                                                        
                                                                                                                        
                                                                                                                        
                                                                                                                        
                                                                                                                        
                                                                                                                        
                                                                                                                        
                                                                                                                        
                                                                                                                        
                                                                                                                        
                                                                                                                        
                                                                                                                        
                                                                                                                        
 ┌───────────────────────────────┐                         ╲╱                         ┌───────────────────────────────┐ 
 │▄▄▄▄▄▄▄▄▄▄▄▄▄▄▄▄▄▄▄▄▄▄▄▄▄▄▄▄▄▄▄│                      ╲      ╱                      │▄▄▄▄▄▄▄▄▄▄▄▄▄▄▄▄▄▄▄▄▄▄▄▄▄▄▄▄▄▄▄│ 
 │                               │                   ╲            ╱                   │                               │ 
 │                               │                ╲                  ╱                │                               │ 
 │             Start             │             ╲        Decision        ╱             │              End              │ 
 │                               │      no  ╲                              ╱      yes │                               │ 
 │                               │             ╱                        ╲             │                               │ 
 │                               │                ╱                  ╲                │                               │ 
 │▀▀▀▀▀▀▀▀▀▀▀▀▀▀▀▀▀▀▀▀▀▀▀▀▀▀▀▀▀▀▀│                   ╱            ╲                   │▀▀▀▀▀▀▀▀▀▀▀▀▀▀▀▀▀▀▀▀▀▀▀▀▀▀▀▀▀▀▀│ 
 └───────────────────────────────┘                      ╱      ╲                      └───────────────────────────────┘ 
                 ┴──────────────────────────────────────────┴──────────────────────────────────────────┘                
                                                                                                                        
                                                                                                                        
                                                                                                                        
                                                                                                                        
                                                                                                                        
                                                                                                                        
                                                                                                                        
                                                                                                                        
                                                                                                                        
                                                                                                                        
                                                                                                                        
                                                                                                                        
                                                                                                                        
                                                                                                                        