                                                                                                                                                                                                        
                                                                                                                                                                                                        
                                                                                                                                                                                                        
                                                                                                                                                                                                        
                                                                                                                                                                                                        
                                                                                                                                                                                                        
                                                                                                                                                                                                        
                                                                                                                                                                                                        
                                                                                                                                                                                                        
                                                                                                                                                                                                        
 ╭─────────────────────────────╮          ┌─────────────────────────────┐          ┌────────────────────────────────┐          ┌─────────────────────────────┐          ┌─────────────────────────────┐ 
 │▄▄▄▄▄▄▄▄▄▄▄▄▄▄▄▄▄▄▄▄▄▄▄▄▄▄▄▄▄│          │▄▄▄▄▄▄▄▄▄▄▄▄▄▄▄▄▄▄▄▄▄▄▄▄▄▄▄▄▄│          │▄▄▄▄▄▄▄▄▄▄▄▄▄▄▄▄▄▄▄▄▄▄▄▄▄▄▄▄▄▄▄▄│          │▄▄▄▄▄▄▄▄▄▄▄▄User▄▄▄▄▄▄▄▄▄▄▄▄▄│          │▄▄▄▄▄▄▄▄▄▄▄▄▄▄▄▄▄▄▄▄▄▄▄▄▄▄▄▄▄│ 
 │                             │          │                             │          │                                │          ├─────────────────────────────┤          │                             │ 
 │                             │          │                             │          │                                │          │+id                          │          │                             │ 
 │                             │          │                             │          │           Printable            │          │+name                        │          │                             │ 
 │                             │          │                             │          │                                │          │                             │          │                             │ 
 │                             │          │                             │          │                                │          │                             │          │                             │ 
 │▀▀▀▀▀▀▀▀▀▀▀▀▀▀▀▀▀▀▀▀▀▀▀▀▀▀▀▀▀│          │▀▀▀▀▀▀▀▀▀▀▀▀▀▀▀▀▀▀▀▀▀▀▀▀▀▀▀▀▀│          │▀▀▀▀▀▀▀▀▀▀▀▀▀▀▀▀▀▀▀▀▀▀▀▀▀▀▀▀▀▀▀▀│          │                             │          │▀▀▀▀▀▀▀▀▀▀▀▀▀▀▀▀▀▀▀▀▀▀▀▀▀▀▀▀▀│ 
 ╰─────────────────────────────╯          └─────────────────────────────┘          └────────────────────────────────┘          │                             │          └─────────────────────────────┘ 
                                                                                                                               │                             │                                          
                                                                                                                               │                             │                                          
                                                                                                                               │                             │                                          
                                                                                                                               │                             │                                          
                                                                                                                               │                             │                                          
                                                                                                                               │                             │                                          
                                                                                                                               │                             │                                          
                                                                                                                               │▀▀▀▀▀▀▀▀▀▀▀▀▀▀▀▀▀▀▀▀▀▀▀▀▀▀▀▀▀│                                          
                                                                                                                               └─────────────────────────────┘                                          
                                                                                ┌─────────────────────────────────────────────────────────────┼                                                         
                                                                                │                                                             ┆                                                         
                                                                                │                                                             ┆                                                         
                                                                                │                                                             ┆                                                         
                                                                                │                                                             ┆                                                         
                                                                                │                                                             ┆                                                         
                                                                                │                                                             ┆                                                         
                                                                                │                                                             ┆                                                         
                                                                                │                                                             ┆                                                         
                                                                                │                                                             ┆                                                         
                                                                                │                                                             ┆                                                         
                                                                                │                                                             ┆                                                         
                                                                                │                                                             ┆                                                         
                                                                ┌─────────────────────────────┐                                ┌─────────────────────────────┐                                          
                                                                │▄▄▄▄▄▄▄▄▄▄▄▄▄▄▄▄▄▄▄▄▄▄▄▄▄▄▄▄▄│                                │▄▄▄▄▄▄▄▄▄▄▄▄▄▄▄▄▄▄▄▄▄▄▄▄▄▄▄▄▄│                                          
                                                                │                             │                                │                             │                                          
                                                                │                             │                                │                             │                                          
                                                                │            Order            │                                │                             │                                          
                                                                │                             │                                │                             │                                          
                                                                │                             │                                │                             │                                          
                                                                │▀▀▀▀▀▀▀▀▀▀▀▀▀▀▀▀▀▀▀▀▀▀▀▀▀▀▀▀▀│                                │▀▀▀▀▀▀▀▀▀▀▀▀▀▀▀▀▀▀▀▀▀▀▀▀▀▀▀▀▀│                                          
                                                                └─────────────────────────────┘                                └─────────────────────────────┘                                          
                                                                                                                                                                                                        
                                                                                                                                                                                                        
                                                                                                                                                                                                        
                                                                                                                                                                                                        
                                                                                                                                                                                                        
                                                                                                                                                                                                        
                                                                                                                                                                                                        
                                                                                                                                                                                                        
                                                                                                                                                                                                        
                                                                                                                                                                                                        