╔══════════════════════════════════════════════════════╗
║Mermaid error (1)                                     ║
║L2:1 classDef missing name                            ║
║expected: classDef <name> <style>                     ║
║                                                      ║
║                                                      ║
║                                                      ║
╚══════════════════════════════════════════════════════╝
╔══════════════════════════════════════════════════════╗
║Mermaid source                                        ║
║ 1 | graph TD                                         ║
║ 2 | classDef                                         ║
║ 3 | A-->B                                            ║
║                                                      ║
║                                                      ║
╚══════════════════════════════════════════════════════╝