                                                                                
                                                                                
                                                                                
                                                                                
                                                                                
                                                                                
                                                                                
                                                                                
                                                                                
 ┌────────────────────┐                ╲╱                ┌────────────────────┐ 
 │▄▄▄▄▄▄▄▄▄▄▄▄▄▄▄▄▄▄▄▄│             ╲      ╱             │▄▄▄▄▄▄▄▄▄▄▄▄▄▄▄▄▄▄▄▄│ 
 │       Start        │         ╲   Decision  ╱          │        End         │ 
 │                    │    no╲                    ╱    ye│                    │ 
 │▀▀▀▀▀▀▀▀▀▀▀▀▀▀▀▀▀▀▀▀│         ╱             ╲          │▀▀▀▀▀▀▀▀▀▀▀▀▀▀▀▀▀▀▀▀│ 
 └────────────────────┘             ╱      ╲             └────────────────────┘ 
            ┴───────────────────────────┴───────────────────────────┘           
                                                                                
                                                                                
                                                                                
                                                                                
                                                                                
                                                                                
                                                                                
                                                                                