╔══════════════════════════════════════════════╗
║Mermaid error (1)                             ║
║L2:1 classDef missing name                    ║
║expected: classDef <name> <style>             ║
║                                              ║
║                                              ║
║                                              ║
║                                              ║
║                                              ║
║                                              ║
║                                              ║
╚══════════════════════════════════════════════╝