                                                                                                                        
                                                                                                                        
                                                                                                                        
                                                                                                                        
                                                                                                                        
                                                 ┌────────────────────┐                                                 
                                                 │  Make tea
●●●●● …  │                                                 
                                                 └────────────────────┘                                                 
                                                                                                                        
                                                                                                                        
                                                                                                                        
                                                 ┌────────────────────┐                                                 
                                                 └────────────────────┘                                                 
                                                                                                                        
                                                                                                                        
                                                                                                                        
                                                 ┌────────────────────┐                                                 
                                                 │  Do work
●○○○○ M…  │                                                 
                                                 └────────────────────┘                                                 
                                                                                                                        
                                                                                                                        
                                                                                                                        
                                                                                                                        
                                                                                                                        
                                                                                                                        
                                                                                                                        
                                                                                                                        
                                                                                                                        
                                                                                                                        
                                                 ┌────────────────────┐                                                 
                                                 └────────────────────┘                                                 
                                                                                                                        
                                                                                                                        
                                                                                                                        
                                                 ┌────────────────────┐                                                 
                                                 │  Sit down
●●●●● …  │                                                 
                                                 └────────────────────┘                                                 
                                                                                                                        
                                                                                                                        
                                                                                                                        