                                                                                                                        
                                                                                                                        
                                                                                                                        
                                                                                                                        
                                                                                                                        
                                                                                                                        
                                                                                                                        
                                                                                                                        
                                                                                                                        
                                                                                                                        
 ┌───────┐  ┌───────┐   ┌──────┐   ┌───────┐  ┌───────┐      ┌───────┐   ┌──────┐       ┌──────┐   ┌───────┐  ┌───────┐ 
 │       │  │ Mid1  │   │      │   │       │  │       │      │ Out1  │   │      │       │      │   │       │  │       │ 
 └───────┘  └───────┘   └──────┘   └───────┘  └───────┘      └───────┘   └──────┘       └──────┘   └───────┘  └───────┘ 
     │           │          │          │          │               │          ────┐          │          │           │    
     │           │          │          │          │               │              │          │          │           │    
     │           │          │          │          │               │              │          │          │           │    
     │           │          │          │          │               │              │          │          │           │    
 ┌───────┐  ┌───────┐   ┌──────┐   ┌───────┐  ┌───────┐  ┌───────────────┐  ┌───────┐   ┌──────┐   ┌───────┐  ┌───────┐ 
 └───────┘  └───────┘   └──────┘   └───────┘  └───────┘  └───────────────┘  └───────┘   └──────┘   └───────┘  └───────┘ 
     ────────────┼──────────────┬─────────────────────────────────┬─────────────────────┐                               
                 │              │                                 │                     │                               
                 │              │                                 │                     │                               
                 │              │                                 │                     │                               
            ┌───────┐       ┌───────┐             ┌─────────────────────────────┐  ┌───────┐                            
            └───────┘       └───────┘             └─────────────────────────────┘  └───────┘                            
                                │                                                                                       
                                │                                                                                       
                                │                                                                                       
                                │                                                                                       
                            ┌───────┐                                                                                   
                            └───────┘                                                                                   
                                                                                                                        
                                                                                                                        
                                                                                                                        
                                                                                                                        
                                                                                                                        
                                                                                                                        
                                                                                                                        
                                                                                                                        
                                                                                                                        