                                                                                
          ┌─────────────────────────┐      ┌─────────────────────────┐          
          │<<requirement>>          │      │test_entity              │          
          │test_req                 │      │                         │          
          │                         │      │                         │          
          │                         │      │                         │          
          │                         │      │                         │          
          └─────────────────────────┘      └─────────────────────────┘          
                                                         │                      
                                                         │                      
                                                         │                      
                                                         │                      
                       ┼─────────────────satisfies───────┼                      
                       │                                                        
                       │                                                        
                       │                                                        
          ┌────────────▼────────────┐                                           
          │                         │                                           
          │                         │                                           
          │                         │                                           
          │                         │                                           
          │                         │                                           
          └─────────────────────────┘                                           
                                                                                