                                                                                                                        
                                                                                                                        
                                                                                                                        
                                                                                                                        
                                                                                                                        
                                                                                                                        
                                                                                                                        
                                                                                                                        
                                                                                                                        
                                                                                                                        
                                                                                                                        
                                                                                                                        
                                                                                                                        
                                                                                                                        
                                                                                                                        
                                                                                                                        
                                                                                                                        
 ┌────────────────────┐      ┌────────────────────┐       ┌────────────────────┐      ┌───────────────────────────────┐ 
 │▄▄▄▄▄▄▄▄▄▄▄▄▄▄▄▄▄▄▄▄│      │▄▄▄▄▄▄▄▄▄▄▄▄▄▄▄▄▄▄▄▄│       │▄▄▄▄▄▄▄▄▄▄▄▄▄▄▄▄▄▄▄▄│      │▄▄▄▄▄▄▄▄▄▄▄▄▄▄▄▄▄▄▄▄▄▄▄▄▄▄▄▄▄▄▄│ 
 │      Frontend      │      │      Backend       │       │      Database      │      │         Load Balancer         │ 
 │                    │      │                    │       │                    │      │                               │ 
 │▀▀▀▀▀▀▀▀▀▀▀▀▀▀▀▀▀▀▀▀│      │▀▀▀▀▀▀▀▀▀▀▀▀▀▀▀▀▀▀▀▀│       │▀▀▀▀▀▀▀▀▀▀▀▀▀▀▀▀▀▀▀▀│      │▀▀▀▀▀▀▀▀▀▀▀▀▀▀▀▀▀▀▀▀▀▀▀▀▀▀▀▀▀▀▀│ 
 └────────────────────┘      └────────────────────┘       └────────────────────┘      └───────────────────────────────┘ 
                                                                                                                        
                                                                                                                        
                                                                                                                        
                                                                                                                        
                                                                                                                        
                                                                                                                        
                                                                                                                        
                                                                                                                        
                                                                                                                        
                                                                                                                        
                                                                                                                        
                                                                                                                        
                                                                                                                        
                                                                                                                        
                                                                                                                        
                                                                                                                        
                                                                                                                        