                                                                                
                        ┌───────────────────────────┐                           
                        │EC2 Instance               │                           
                        │  ┌──────────────────────┐────┐                        
                        │  │▄▄▄▄▄▄▄▄▄▄▄▄▄▄▄▄▄▄▄▄▄▄│ │  │                        
                        │  │[Container]
API
(Node │ │  │                        
                        │  │         js)          │ │  │                        
                        │  │                      │ │  │                        
                        │  │▀▀▀▀▀▀▀▀▀▀▀▀▀▀▀▀▀▀▀▀▀▀│ │  │                        
                        │  └──────────────────────┘ │  │                        
                        │  │           │            │  │                        
                        └──│───────────┼────────────┘  │                        
                           │           │               │                        
                           └───────────┼Reads/Writes───┘                        
                                       │                                        
                                       │                                        
                                       │                                        
                           ┌──────────────────────┐                             
                           │▄▄▄▄▄▄▄▄▄▄▄▄▄▄▄▄▄▄▄▄▄▄│                             
                           │                      │                             
                           │                      │                             
                           │▀▀▀▀▀▀▀▀▀▀▀▀▀▀▀▀▀▀▀▀▀▀│                             
                           └──────────────────────┘                             
                                                                                