                                                                                
                                                                                
                                                                                
                                                                                
 ╭──────────╮    ┌──────────┐    ┌────────────┐    ┌──────────┐    ┌──────────┐ 
 │▄▄▄▄▄▄▄▄▄▄│    │▄▄▄▄▄▄▄▄▄▄│    │▄Printable▄▄│    │▄▄▄User▄▄▄│    │▄▄▄▄▄▄▄▄▄▄│ 
 │▀▀▀▀▀▀▀▀▀▀│    │▀▀▀▀▀▀▀▀▀▀│    │▀▀▀▀▀▀▀▀▀▀▀▀│    ├──────────┤    │▀▀▀▀▀▀▀▀▀▀│ 
 ╰──────────╯    └──────────┘    └────────────┘    │+id       │    └──────────┘ 
                                                   │+name     │                 
                                                   │▀▀▀▀▀▀▀▀▀▀│                 
                                                   └──────────┘                 
                                ┌────────────────────────┼                      
                                │                        ┆                      
                                │                        ┆                      
                                │                        ┆                      
                                │                        ┆                      
                          ┌──────────┐             ┌──────────┐                 
                          │▄▄Order▄▄▄│             │▄▄▄▄▄▄▄▄▄▄│                 
                          │▀▀▀▀▀▀▀▀▀▀│             │▀▀▀▀▀▀▀▀▀▀│                 
                          └──────────┘             └──────────┘                 
                                                                                
                                                                                
                                                                                
                                                                                