                                                                                
                                 ┌────────────┐                                 
                                 │▄cloud API▄▄│                                 
                            ┌────│▀▀▀▀▀▀▀▀▀▀▀▀│─                                
                            │    └────────────┘                                 
                            │                                                   
                            │                                                   
                            │                                                   
                            │                                                   
                            │                                                   
                            ┌──────────────────────┐                            
                            │▄▄database Database▄▄▄│                            
                            │▀▀▀▀▀▀▀▀▀▀▀▀▀▀▀▀▀▀▀▀▀▀│─                           
                            └──────────────────────┘                            
                               │                                                
                               │                                                
                               │                                                
                               │                                                
                               │                                                
                               ┌────────────────┐                               
                               │▄▄disk Storage▄▄│                               
                               │▀▀▀▀▀▀▀▀▀▀▀▀▀▀▀▀│                               
                               └────────────────┘                               
                                                                                