                                                                                
                                                                                
                                 ┌────────────┐                                 
                                 │[Component]▄│                                 
                                 │▀▀▀▀Con…▀▀▀▀│                                 
                                 └────────────┘                                 
                                        │                                       
                                        │                                       
                                        │                                       
                                        │                                       
                                 ┌────────────┐                                 
                                 │[Component]▄│                                 
                                 │▀▀▀▀Ser…▀▀▀▀│                                 
                                 └────────────┘                                 
                                        │                                       
                                        │                                       
                                        │                                       
                                        │                                       
                                 ┌────────────┐                                 
                                 │[Component]▄│                                 
                                 │▀▀▀▀Rep…▀▀▀▀│                                 
                                 └────────────┘                                 
                                                                                
                                                                                