                                                                                                                                                                                                        
                                                                               ┌────────────────────────────────────────┐                                                                               
                                                                               │▄▄▄▄▄▄▄▄▄▄▄▄▄▄▄▄▄▄▄▄▄▄▄▄▄▄▄▄▄▄▄▄▄▄▄▄▄▄▄▄│                                                                               
                                                                               │                                        │                                                                               
                                                                               │                                        │                                                                               
                                                                               │                                        │                                                                               
                                                                               │[Person]
Customer
(A user of the system │                                                                               
                                                                               │                                        │                                                                               
                                                                               │                                        │                                                                               
                                                                               │                                        │                                                                               
                                                                               │▀▀▀▀▀▀▀▀▀▀▀▀▀▀▀▀▀▀▀▀▀▀▀▀▀▀▀▀▀▀▀▀▀▀▀▀▀▀▀▀│                                                                               
                                                                               └────────────────────────────────────────┘                                                                               
                                                                                                    │                                                                                                   
                                                                                                    │                                                                                                   
                                                                                                    │                                                                                                   
                                                                                                    │                                                                                                   
                                                                                                    │                                                                                                   
                                                                                                    │                                                                                                   
                                                                                                    │Uses                                                                                               
                                                                                                    │                                                                                                   
                                                                                                    │                                                                                                   
                                                                                                    │                                                                                                   
                                                                                                    │                                                                                                   
                                                                                                    │                                                                                                   
                                                                                                    │                                                                                                   
                                                                               ┌────────────────────────────────────────┐                                                                               
                                                                               │▄▄▄▄▄▄▄▄▄▄▄▄▄▄▄▄▄▄▄▄▄▄▄▄▄▄▄▄▄▄▄▄▄▄▄▄▄▄▄▄│                                                                               
                                                                               │                                        │                                                                               
                                                                               │                                        │                                                                               
                                                                               │   [System]
Web Application
(The main   │                                                                               
                                                                               │              application)              │                                                                               
                                                                               │                                        │                                                                               
                                                                               │                                        │                                                                               
                                                                               │▀▀▀▀▀▀▀▀▀▀▀▀▀▀▀▀▀▀▀▀▀▀▀▀▀▀▀▀▀▀▀▀▀▀▀▀▀▀▀▀│                                                                               
                                                                               └────────────────────────────────────────┘                                                                               
                                                                                                    │                                                                                                   
                                                                                                    │                                                                                                   
                                                                                                    │                                                                                                   
                                                                                                    │                                                                                                   
                                                                                                    │                                                                                                   
                                                                                                    │                                                                                                   
                                                                                                    │                                                                                                   
                                                                                                    │Sends emails using                                                                                 
                                                                                                    │                                                                                                   
                                                                                                    │                                                                                                   
                                                                                                    │                                                                                                   
                                                                                                    │                                                                                                   
                                                                                                    │                                                                                                   
                                                                               ┌────────────────────────────────────────┐                                                                               
                                                                               │▄▄▄▄▄▄▄▄▄▄▄▄▄▄▄▄▄▄▄▄▄▄▄▄▄▄▄▄▄▄▄▄▄▄▄▄▄▄▄▄│                                                                               
                                                                               │                                        │                                                                               
                                                                               │                                        │                                                                               
                                                                               │                                        │                                                                               
                                                                               │[System_Ext]
Email System
(Sends emails │                                                                               
                                                                               │                                        │                                                                               
                                                                               │                                        │                                                                               
                                                                               │                                        │                                                                               
                                                                               │▀▀▀▀▀▀▀▀▀▀▀▀▀▀▀▀▀▀▀▀▀▀▀▀▀▀▀▀▀▀▀▀▀▀▀▀▀▀▀▀│                                                                               
                                                                               └────────────────────────────────────────┘                                                                               
                                                                                                                                                                                                        