╔══════════════════════════════════════════════╗
║Mermaid source                                ║
║ 1 | graph TD                                 ║
║ 2 | classDef                                 ║
║ 3 | A-->B                                    ║
║                                              ║
║                                              ║
║                                              ║
║                                              ║
║                                              ║
║                                              ║
╚══════════════════════════════════════════════╝