                                                                                                                        
                                                                                                                        
                                                                                                                        
                                                                                                                        
                                                                                                                        
                                                                                                                        
                                                                                                                        
                                                                                                                        
 ╭─────────────────╮     ┌─────────────────┐      ┌──────────────────┐      ┌─────────────────┐     ┌─────────────────┐ 
 │▄▄▄▄▄▄▄▄▄▄▄▄▄▄▄▄▄│     │▄▄▄▄▄▄▄▄▄▄▄▄▄▄▄▄▄│      │▄▄▄▄▄▄▄▄▄▄▄▄▄▄▄▄▄▄│      │▄▄▄▄▄▄User▄▄▄▄▄▄▄│     │▄▄▄▄▄▄▄▄▄▄▄▄▄▄▄▄▄│ 
 │                 │     │                 │      │    Printable     │      ├─────────────────┤     │                 │ 
 │▀▀▀▀▀▀▀▀▀▀▀▀▀▀▀▀▀│     │▀▀▀▀▀▀▀▀▀▀▀▀▀▀▀▀▀│      │▀▀▀▀▀▀▀▀▀▀▀▀▀▀▀▀▀▀│      │+id              │     │▀▀▀▀▀▀▀▀▀▀▀▀▀▀▀▀▀│ 
 ╰─────────────────╯     └─────────────────┘      └──────────────────┘      │+name            │     └─────────────────┘ 
                                                                            │                 │                         
                                                                            │                 │                         
                                                                            │                 │                         
                                                                            │                 │                         
                                                                            │▀▀▀▀▀▀▀▀▀▀▀▀▀▀▀▀▀│                         
                                                                            └─────────────────┘                         
                                                ┌────────────────────────────────────┼                                  
                                                │                                    ┆                                  
                                                │                                    ┆                                  
                                                │                                    ┆                                  
                                                │                                    ┆                                  
                                                │                                    ┆                                  
                                                │                                    ┆                                  
                                                │                                    ┆                                  
                                      ┌─────────────────┐                   ┌─────────────────┐                         
                                      │▄▄▄▄▄▄▄▄▄▄▄▄▄▄▄▄▄│                   │▄▄▄▄▄▄▄▄▄▄▄▄▄▄▄▄▄│                         
                                      │      Order      │                   │                 │                         
                                      │▀▀▀▀▀▀▀▀▀▀▀▀▀▀▀▀▀│                   │▀▀▀▀▀▀▀▀▀▀▀▀▀▀▀▀▀│                         
                                      └─────────────────┘                   └─────────────────┘                         
                                                                                                                        
                                                                                                                        
                                                                                                                        
                                                                                                                        
                                                                                                                        
                                                                                                                        
                                                                                                                        
                                                                                                                        