                                                                                
                                                                                
                      Reach and engagement                                      
                                        │                                       
                       Need to promote  │ We should expand                      
                                        │                                       
                                        │                                       
                                        │                                       
                                        │                                       
                                        │  ●Campaign C                          
                                 ●Campaign A                                    
High Engagement                         │                                       
                      ──────────────────┼─────────────────                      
Low Engagement         Re-evaluate      │ May be improved                       
                                        │                                       
                                        │         ●Campaign D                   
                                        │                                       
                                      ●Campaign B                               
                                        │                                       
                                        │                                       
                                        │                                       
                      Low Reach          High Reach                             
                                                                                
                                                                                