                  Budget Allocation for Fiscal Year 2024-2025                   
                                        ■ Budget Allocation for Fiscal Year 202 
              ███████████               ■ slice 2: 15                           
          ███████████████████           ■ slice 3: 20                           
        ███████████████████████         ■ slice 4: 10                           
      ███████████████████████████       ■ slice 5: 8                            
    ███████████████████████████████     ■ slice 6: 5                            
   █████████████████████████████████    ■ slice 7: 4                            
  ███████████████████████████████████   ■ slice 8: 3                            
  ███████████████████████████████████   ■ slice 9: 0.5                          
 █████████████████████████████████████  ■ slice 10: 0.2                         
 █████████████████████████████████████                                          
 █████████████████████████████████████                                          
 █████████████████████████████████████                                          
 █████████████████████████████████████                                          
  ███████████████████████████████████                                           
  ███████████████████████████████████                                           
   █████████████████████████████████                                            
    ███████████████████████████████                                             
      ███████████████████████████                                               
        ███████████████████████                                                 
          ███████████████████                                                   
              ███████████                                                       
                                                                                