                                                                                
                           ┌────────────────────────┐                           
                           │▄▄▄Agricultural waste▄▄▄│                           
                           │▀▀▀▀▀▀▀▀▀▀▀▀▀▀▀▀▀▀▀▀▀▀▀▀│                           
                           └────────────────────────┘                           
                                        │                                       
                                        │                                       
                                        │124.729                                
                                        │                                       
                                        │                                       
                              ┌──────────────────┐                              
                              │▄▄Bio-conversion▄▄│                              
                              │▀▀▀▀▀▀▀▀▀▀▀▀▀▀▀▀▀▀│                              
                              └──────────────────┘                              
               ┌────────────────┬───────────────┬────────────────┐              
               │                │               │                │              
               │                │               │                │              
               │            81.144   0.597   26.862   280.322    │              
               │                │               │                │              
        ┌───────────┐    ┌───────────┐    ┌───────────┐    ┌───────────┐        
        │▄▄▄▄Gas▄▄▄▄│    │▄▄Liquid▄▄▄│    │▄▄Losses▄▄▄│    │▄▄▄Solid▄▄▄│        
        │▀▀▀▀▀▀▀▀▀▀▀│    │▀▀▀▀▀▀▀▀▀▀▀│    │▀▀▀▀▀▀▀▀▀▀▀│    │▀▀▀▀▀▀▀▀▀▀▀│        
        └───────────┘    └───────────┘    └───────────┘    └───────────┘        
                                                                                