                                                                                
                                ┌──────────────┐                                
                                │[Person]
Cust▄│                                
                                │▀▀▀▀▀▀m…▀▀▀▀▀▀│                                
                                └──────────────┘                                
                                        │                                       
                                        │                                       
                                        │                                       
                                        │                                       
                                        │                                       
                                ┌──────────────┐                                
                                │▄[System]
Web▄│                                
                                │▀▀▀▀▀Ap…▀▀▀▀▀▀│                                
                                └──────────────┘                                
                                        │                                       
                                        │                                       
                                        │                                       
                                        │                                       
                                        │                                       
                                ┌──────────────┐                                
                                │[System_Ext]
▄│                                
                                │▀▀▀▀▀▀m…▀▀▀▀▀▀│                                
                                └──────────────┘                                
                                                                                