 1: Dash │ 2: Shakes │ 3: Code │ 4: Widgets │ 5: Layout │ 6: Forms │ 7: DataViz 
╭────────────────────────────────Forms & Input─────────────────────────────────╮
│╭──────────Registration Form──────────╮╭─────────────Text Inputs─────────────╮│
││ DRAFT   REQ 0/3   ERR 0             ││ Search   Search...                  ││
││Name *:         Enter your name...   ││ Password Password                   ││
││Email *:        user@example.com     ││                                     ││
││Role:             Developer          │╰─────────────────────────────────────╯│
││Theme:          (1) Light            │╭─────────────Text Editor─────────────╮│
││Age:              25                 ││1  Hello, world!                     ││
││Accept Terms *: [ ]                  ││2                                    ││
││                                     ││3  This is a multi-line text editor. ││
││                                     ││4  You can type, select, undo/redo, a││
││                                     ││5                                    ││
││                                     ││6  Try Shift+Arrow to select text.   ││
││                                     ││7  Ctrl+A selects all.               ││
││                                     ││8  Ctrl+Z to undo, Ctrl+Y to redo.   ││
││                                     ││                                     ││
││                                     ││                                     ││
││Tab: next | Enter: submit | Esc: canc││                                     ││
││Legend: * required | red=error | gree││                                     ││
│╰─────────────────────────────────────╯╰─────────────────────────────────────╯│
│Editing: Name (field 1/6) | Required: 0/3 | Undo:0 Redo:0 | Errors: 0 | Ctrl+U│
╰──────────────────────────────────────────────────────────────────────────────╯
 Forms & Input [6/28]  Darcula A11y:HC         tick:0 frm:0         80x24 00:00 