 1: Tour │ 2: Dash │ 3: Shakes │ 4: Code │ 5: Widgets │ 6: Layout │ 7: Forms │ 8: DataViz │ 9: Files │ 0: Adv           
╭────────────────────────────────────────────────Mermaid Mega Showcase─────────────────────────────────────────────────╮
│┌────────────────────────────────────────────────────────────────────────────────────────────────────────────────────┐│
││ Tier:auto Glyph:unicode Render:braille Wrap:wordchar Layout:auto Dir:auto Palette:default Zoom:100% VP:auto Gen:n24││
││                                                                                                                    ││
││                                                                                                                    ││
││                      ╔═════════════════════ ⌨ Keyboard Shortcuts (Esc) ═════════════════════╗                      ││
│└──────────────────────║─Navigation───────────────────────────────────────────────────────────║──────────────────────┘│
│┌ Flow Basic [default] ║─[Ctrl+K]                 Open command palette───────────────────┐┌ Me║rics ─────────────────┐│
││                      ║                                                                 ││   ║                      ││
││                      ║ View ⢸⣿⣿⣿⣿⣿⣿⣿⣿⣿⣿⣿⣿⣿⣿⣿⣿⣿⣿⣿⣿⣿⣿⣿⣿⣿⣿⣿⣿⡇                             ││Mod║: normal              ││
││                      ║ [?]                      Toggle this help overlay               ││Sam║le: Flow Basic        ││
││                      ║ [Esc]                    Dismiss top overlay                    ││Pal║tte: default          ││
││                      ║ [Ctrl+P]                 Toggle performance HUD                 ││Nod║: -                   ││
││                      ║ [Shift+A]                Toggle A11y panel                      ││Epo║h: a0/l0/r0           ││
││                      ║ [F12]                    Toggle debug overlay                   ││VP:║auto                  ││
││                      ║                   ⣀⣨⣯⣀⡀                                         ││   ║                      ││
││                      ║ Editing    ⢀⣀⣤⣴⣶⣿⣿⣿⣿⣿⣿⣿⣿⣶⣦⣤⣀⣀                                   ││Par║e: -                  ││
││                      ║ [Ctrl+Z]                 Undo⣿⣷⣶⣤⣄⡀                             ││Lay║ut: -                 ││
││                      ║ [Ctrl+Y / Ctrl+Shift+Z]  Redo⠿⠛⠋⠉⠁                              ││Ren║er: -                 ││
││                      ║               ⠉⠙⠛⠻⠿⢿⣿⠿⠿⠛⠋⠉⠁                                     ││   ║                      ││
││                      ║ Global       ⣀⣀⠤⠤⠒⠒⠉⠉⠑⠒⠢⠤⢄⣀⡀                                    ││   ║                      ││
││                      ║ [Ctrl+T]                 Cycle color theme                      ││Cac║e: 0/0                ││
││            ⢸⣿⣿⣿⣿⣿⣿⣿⣿⣿║⣿[H/M/L]                  A11y: high contrast, reduced motion, large s║: MISS                ││
││            ⢸⣿⣿⣿⣿⣿⣿⣿⣿⣿║⣿[Ctrl+1..6]              Palette: filter by category            ││   ║                      ││
││            ⢸⣿⣿⣿⣿⣿⣿⣿⣿⣿║⣿[Ctrl+0]                 Palette: clear category filter         ││   ║                      ││
││            ⢸⣿⣿⣿⣿⣿⣿⣿⣿⣿║⣿[Ctrl+F]                 Palette: toggle favorite⣿⣿⡇            ││   ║                      ││
││            ⠘⠛⠛⠛⠛⠛⠛⠛⠛⠛║⠛[Ctrl+Shift+F]           Palette: favorites only⠛⠛⠛⠃            ││   ║                      ││
││                      ║ [Ctrl+C]                 Quit application                       ││   ║                      ││
││                      ║      ⢀⣀⣀⣀⣀⣀⣀⣀⣀⣉⣑⣒⣢⣼⣦⣠⣾⣤⣒⣒⣉⣁⣀⣀⣀⣀⣀⣀⣀⡀                             ││   ║                      ││
││                      ║ Mermaid Mega Showcase Controls⣿⣿⣿⣿⡇                             ││   ║                      ││
││                      ║ Categories: Tour Core Visuals Interact Text Systems             ││   ║                      ││
││                      ║      ⢸⣿⣿⣿⣿⣿⣿⣿⣿            ⣿⣿⣿⣿⣿⣿⣿⣿⡇                             ││   ║                      ││
││                      ╚═══════════════════════Press ? or Esc to close════════════════════════╝                      ││
││                                                                                        ││                          ││
│└────────────────────────────────────────────────────────────────────────────────────────┘└──────────────────────────┘│
│NORMAL  j/k:sample u/U:nodes x/X:density t:tier p:palette H/J/K/L:pan []/{}:size o:reset /:filter Ctrl+U:clear ?:help │
│                                                                                                                      │
╰──────────────────────────────────────────────────────────────────────────────────────────────────────────────────────╯
 Mermaid Mega Showcase [17/42]  Cyberpunk Aurora     Tab: next screen · Shift+Tab: prev │ tick:0 frm:0     120x40 00:00 