 1:Dash  2:Shakes  3:Code  4:Widgets  5:Layout  6:Forms  7:DataViz  8:Files     
╭───────────────────────────────────Advanced───────────────────────────────────╮
│╭───────────Error Traceback───────────╮╭──────────Timers & Spinners──────────╮│
││── Application Error ──              ││Compact timer: 5m0s (0%)             ││
││  File "src/main.rs", line 42, in mai││Clock timer:   02:00 (0%)            ││
││   40 │ fn main() -> Result<()> {    ││                                     ││
││   41 │     let config = Config::load││Spinners:                            ││
││ ❱ 42 │     app::run(config)?;       ││dots        ⠋                        ││
││   43 │     Ok(())                   ││line        |                        ││
││   44 │ }                            ││braille     ⠋                        ││
││  File "src/app.rs", line 128, in run││Progress: ░░░░░░░░░░░░░░░░░░░░░░░░░  ││
││   125 │ pub fn run(config: Config) -│╰─────────────────────────────────────╯│
││   126 │     let db = Database::conne│╭─────────────System Info─────────────╮│
││   127 │     let server = Server::new││FrankenTUI Demo Showcase             ││
││ ❱ 128 │     server.listen(config.por││                                     ││
││   129 │     Ok(())                  ││Framework: ftui (Rust)               ││
││   130 │ }                           ││Rendering: 16-byte Cell model        ││
││  File "src/database.rs", line 56, in││Color: 24-bit true color (RGB)       ││
││   53 │ pub fn connect(url: &str) -> ││Input: Kitty keyboard protocol       ││
││   54 │     let pool = Pool::builder(││                                     ││
│╰─────────────────────────────────────╯╰─────────────────────────────────────╯│
│Tick: 0 | Ctrl+←/→: panels | r: reset | Space: pause/resume                   │
╰──────────────────────────────────────────────────────────────────────────────╯
 Advanced [9/11]                     tick:0 frm:0                     0x0 00:00 