 1:Dash  2:Shakes  3:Code  4:Widgets  5:Layout  6:Forms  7:DataViz  8:Files  9:Adv  0:Perf  -:MD                        
╭──────────────────────────────────────────────────────Dashboard───────────────╭────────────────Debug─────────────────╮╮
│Dashboard                                                                     │Tick: 0                               ││
│                                                                              │Frame: 0                              ││
│This screen is under construction.                                            │Screen: Dashboard                     ││
│                                                                              │Size: 120x40                          ││
│                                                                              │                                      ││
│                                                                              │                                      ││
│                                                                              ╰──────────────────────────────────────╯│
│                                                                                                                      │
│                                                                                                                      │
│                                                                                                                      │
│                                                                                                                      │
│                                                                                                                      │
│                                                                                                                      │
│                                                                                                                      │
│                                                                                                                      │
│                                                                                                                      │
│                                                                                                                      │
│                                                                                                                      │
│                                                                                                                      │
│                                                                                                                      │
│                                                                                                                      │
│                                                                                                                      │
│                                                                                                                      │
│                                                                                                                      │
│                                                                                                                      │
│                                                                                                                      │
│                                                                                                                      │
│                                                                                                                      │
│                                                                                                                      │
│                                                                                                                      │
│                                                                                                                      │
│                                                                                                                      │
│                                                                                                                      │
│                                                                                                                      │
│                                                                                                                      │
│                                                                                                                      │
╰──────────────────────────────────────────────────────────────────────────────────────────────────────────────────────╯
 Dashboard [1/11]                                       tick:0 frm:0                                       120x40 00:00 