 1: Dash │ 2: Shakes │ 3: Code │ 4: Widgets │ 5: Layout │ 6: Forms │ 7: DataViz 
╭────────────────────────────Terminal Capabilities─────────────────────────────╮
│╭─────────────────────── Terminal Capability Explorer ───────────────────────╮│
││Profile: detected | View: Matrix | Color depth: truecolor                   ││
││Mux: no | Sync output: yes                                                  ││
││Hyperlinks: yes | Clipboard: yes | overrides: none                          ││
│╰────────────────────────────────────────────────────────────────────────────╯│
│╭ Capability Matrix ────────────────────────╮╭ Details ──────────────────────╮│
││Capability           Detected  Effective Fa││Capability: True color (24-bit)││
││True color (24-bit)  yes       yes       en││Detected: yes                  ││
││256-color palette    yes       yes       en││Effective: yes                 ││
││Synchronized output  yes       yes       en││Fallback: enabled              ││
││Scroll region (DECST yes       yes       en││Reason: Detected via env heuris││
││OSC 8 hyperlinks     yes       yes       en││                               ││
││Kitty keyboard proto yes       yes       en││                               ││
││Focus events         yes       yes       en│╰───────────────────────────────╯│
││Bracketed paste      yes       yes       en│╭ Environment ──────────────────╮│
││SGR mouse            yes       yes       en││TERM=xterm-256color            ││
││OSC 52 clipboard     yes       yes       en││TERM_PROGRAM=WezTerm           ││
││                                           ││COLORTERM=truecolor            ││
││                                           ││NO_COLOR=no                    ││
│╰───────────────────────────────────────────╯╰───────────────────────────────╯│
╰──────────────────────────────────────────────────────────────────────────────╯
 Terminal Capabilities [11/26]  Cyberpunk Aurora     tick:0 frm:0     0x0 00:00 