 1: Dash │ 2: Shakes │ 3: Code │ 4: Widgets │ 5: Layout │ 6: Forms │ 7: DataViz 
╭───────────────────────────────Snapshot Player────────────────────────────────╮
│╭───────────────Timeline (1/50)───────────────╮╭─────────Frame Info──────────╮│
││░░░░░░░░░░░░░░░░░░░░░░░░░░░░░░░░░░░░░░░░░░░░░││Status: ⏸ Paused             ││
│╰─────────────────────────────────────────────╯│                             ││
│╭────────────────Frame Preview────────────────╮│Frame: 1/50                  ││
││Frame 1/50                                   ││Size: 40x15                  ││
││                                             ││Changes: 600 cells           ││
││                                             ││Memory: 9600 bytes           ││
││Hello, World!                                ││Checksum: d824a111a221fa16   ││
││                                             ││Render: 100µs                ││
││                                             ││                             ││
││                                             ││Chain hash: e374497cb34d825d ││
││                                             ││Markers: 0                   ││
││                                             ││Marked: No                   ││
││                                             ││                             ││
││                                             ││── Controls ──               ││
││                                             ││Space: Play/Pause            ││
││                                             ││←/→: Step                    ││
││█                                            ││Home/End: First/Last         ││
││                                             ││M: Toggle marker             ││
│╰─────────────────────────────────────────────╯╰─────────────────────────────╯│
╰──────────────────────────────────────────────────────────────────────────────╯
 Snapshot Player [26/26]  Cyberpunk Aurora        tick:0 frm:0        0x0 00:00 