 1:Dash  2:Shakes  3:Code  4:Widgets  5:Layout  6:Forms  7:DataViz  8:Files  9:Adv  0:Perf  -:MD                        
╭──────────────────────────────────────────────────────Dashboard───────────────────────────────────────────────────────╮
│Dashboard                                                                                                             │
│                                                                                                                      │
│This screen is under construction.                                                                                    │
│                                                                                                                      │
│                                                                                                                      │
│                                                                                                                      │
│                                                                                                                      │
│                                                                                                                      │
│                                                                                                                      │
│                                                                                                                      │
│                                                                                                                      │
│                                                                                                                      │
│                                                                                                                      │
│                                                                                                                      │
│                                                                                                                      │
│                                                                                                                      │
│                                                                                                                      │
│                                                                                                                      │
│                                                                                                                      │
│                                                                                                                      │
│                                                                                                                      │
│                                                                                                                      │
│                                                                                                                      │
│                                                                                                                      │
│                                                                                                                      │
│                                                                                                                      │
│                                                                                                                      │
│                                                                                                                      │
│                                                                                                                      │
│                                                                                                                      │
│                                                                                                                      │
│                                                                                                                      │
│                                                                                                                      │
│                                                                                                                      │
│                                                                                                                      │
│                                                                                                                      │
╰──────────────────────────────────────────────────────────────────────────────────────────────────────────────────────╯
 Dashboard [1/11]                                        tick:0 frm:0                                         0x0 00:00 