╔════════════════════════sqlite3.c═════════════════════════╗╭────File Info─────╮
║     1 /*************************************************█║│{                 │
║     2 ** This file is an amalgamation of many separate C│║│  "filename": "sql│
║     3 ** version 3.48.0.  By combining all the individua│║│  "lines": 261044,│
║     4 ** single large file, the entire code can be compi│║│  "size": "9.2 MB"│
║     5 ** unit.  This allows many compilers to do optimiz│║│  "size_bytes": 92│
║     6 ** possible if the files were compiled separately.│║│  "language": "C",│
║     7 ** of 5% or more are commonly seen when SQLite is │║│  "description": "│
║     8 ** translation unit.                              │║╰──────────────────╯
║     9 **                                                │║╭─────Context──────╮
║    10 ** This file is all you need to compile SQLite.  T│║│Line 1            │
║    11 ** programs, you need this file and the "sqlite3.h│║│                  │
║    12 ** the programming interface to the SQLite library│║│Nearest function: │
║    13 ** the "sqlite3.h" header file at hand, you will f│║│Top of file       │
║    14 ** the text of this file.  Search for "Begin file │║│                  │
║    15 ** of the embedded sqlite3.h header file.) Additio│║│                  │
║    16 ** if you want a wrapper to interface SQLite with │║│                  │
║    17 ** language. The code for the "sqlite3" command-li│║│                  │
║    18 ** separate file. This file contains only code for│║│                  │
║    19 **                                                │║│                  │
║    20 ** The content in this amalgamation comes from Fos│║│                  │
║    21 ** d2fe6b05f38d9d7cd78c5d252e99ac59f1ae with chang│║│                  │
╚══════════════════════════════════════════════════════════╝╰──────────────────╯
 Line 1/261044 (0%) | 9.2 MB | C                                                