╔═══════════════════════════════════════sqlite3.c════════════════════════════════════════╗╭─────────File Info──────────╮
║    21 ** d2fe6b05f38d9d7cd78c5d252e99ac59f1ae with changes in files:                  █║│{                           │
║    22 **                                                                              │║│  "filename": "sqlite3.c",  │
║    23 **                                                                              │║│  "lines": 261044,          │
║    24 */                                                                              │║│  "size": "9.2 MB",         │
║    25 #ifndef SQLITE_AMALGAMATION                                                     │║│  "size_bytes": 9215145,    │
║    26 #define SQLITE_CORE 1                                                           │║│  "language": "C",          │
║    27 #define SQLITE_AMALGAMATION 1                                                   │║│  "description": "SQLite ama│
║    28 #ifndef SQLITE_PRIVATE                                                          │║│}                           │
║    29 # define SQLITE_PRIVATE static                                                  │║│                            │
║    30 #endif                                                                          │║│                            │
║    31 /************** Begin file sqliteInt.h ***************************************/ │║│                            │
║    32 /*                                                                              │║│                            │
║    33 ** 2001 September 15                                                            │║│                            │
║    34 **                                                                              │║│                            │
║    35 ** The author disclaims copyright to this source code.  In place of             │║╰────────────────────────────╯
║    36 ** a legal notice, here is a blessing:                                          │║╭──────────Context───────────╮
║    37 **                                                                              │║│Line 21                     │
║    38 **    May you do good and not evil.                                             │║│                            │
║    39 **    May you find forgiveness for yourself and forgive others.                 │║│Nearest function:           │
║    40 **    May you share freely, never taking more than you give.                    │║│Top of file                 │
║    41 **                                                                              │║│                            │
║    42 *************************************************************************       │║│                            │
║    43 ** Internal interface definitions for SQLite.                                   │║│                            │
║    44 **                                                                              │║│                            │
║    45 */                                                                              │║│                            │
║    46 #ifndef SQLITEINT_H                                                             │║│                            │
║    47 #define SQLITEINT_H                                                             │║│                            │
║    48                                                                                 │║│                            │
║    49 /* Special Comments:                                                            │║│                            │
║    50 **                                                                              │║│                            │
║    51 ** Some comments have special meaning to the tools that measure test            │║│                            │
║    52 ** coverage:                                                                    │║│                            │
║    53 **                                                                              │║│                            │
║    54 **    NO_TEST                     - The branches on this line are not           │║│                            │
║    55 **                                  measured by branch coverage.  This is       │║│                            │
║    56 **                                  used on lines of code that actually         │║│                            │
║    57 **                                  implement parts of coverage testing.        │║│                            │
╚════════════════════════════════════════════════════════════════════════════════════════╝╰────────────────────────────╯
 Line 21/261044 (0%) | 9.2 MB | C                                                                                       