╔═══════════════════════════════════════sqlite3.c════════════════════════════════════════╗╭─────────File Info──────────╮
║     1 /****************************************************************************** █║│{                           │
║     2 ** This file is an amalgamation of many separate C source files from SQLite     │║│  "filename": "sqlite3.c",  │
║     3 ** version 3.48.0.  By combining all the individual C code files into this      │║│  "lines": 261044,          │
║     4 ** single large file, the entire code can be compiled as a single translation   │║│  "size": "9.2 MB",         │
║     5 ** unit.  This allows many compilers to do optimizations that would not be      │║│  "size_bytes": 9215145,    │
║     6 ** possible if the files were compiled separately.  Performance improvements    │║│  "language": "C",          │
║     7 ** of 5% or more are commonly seen when SQLite is compiled as a single          │║│  "description": "SQLite ama│
║     8 ** translation unit.                                                            │║│}                           │
║     9 **                                                                              │║│                            │
║    10 ** This file is all you need to compile SQLite.  To use SQLite in other         │║│                            │
║    11 ** programs, you need this file and the "sqlite3.h" header file that defines    │║│                            │
║    12 ** the programming interface to the SQLite library.  (If you do not have        │║│                            │
║    13 ** the "sqlite3.h" header file at hand, you will find a copy embedded within    │║│                            │
║    14 ** the text of this file.  Search for "Begin file sqlite3.h" to find the start  │║│                            │
║    15 ** of the embedded sqlite3.h header file.) Additional code files may be needed  │║╰────────────────────────────╯
║    16 ** if you want a wrapper to interface SQLite with your choice of programming    │║╭──────────Context───────────╮
║    17 ** language. The code for the "sqlite3" command-line shell is also in a         │║│Line 1                      │
║    18 ** separate file. This file contains only code for the core SQLite library.     │║│                            │
║    19 **                                                                              │║│Nearest function:           │
║    20 ** The content in this amalgamation comes from Fossil check-in                  │║│Top of file                 │
║    21 ** d2fe6b05f38d9d7cd78c5d252e99ac59f1ae with changes in files:                  │║│                            │
║    22 **                                                                              │║│                            │
║    23 **                                                                              │║│                            │
║    24 */                                                                              │║│                            │
║    25 #ifndef SQLITE_AMALGAMATION                                                     │║│                            │
║    26 #define SQLITE_CORE 1                                                           │║│                            │
║    27 #define SQLITE_AMALGAMATION 1                                                   │║│                            │
║    28 #ifndef SQLITE_PRIVATE                                                          │║│                            │
║    29 # define SQLITE_PRIVATE static                                                  │║│                            │
║    30 #endif                                                                          │║│                            │
║    31 /************** Begin file sqliteInt.h ***************************************/ │║│                            │
║    32 /*                                                                              │║│                            │
║    33 ** 2001 September 15                                                            │║│                            │
║    34 **                                                                              │║│                            │
║    35 ** The author disclaims copyright to this source code.  In place of             │║│                            │
║    36 ** a legal notice, here is a blessing:                                          │║│                            │
║    37 **                                                                              │║│                            │
╚════════════════════════════════════════════════════════════════════════════════════════╝╰────────────────────────────╯
 Line 1/261044 (0%) | 9.2 MB | C                                                                                        