Dashboard                               
                                        
This screen is under construction.      
                                        
                                        
                                        
                                        
                                        
                                        
                                        