╭────────────────────────Sparklines────────────────────────╮╭───────────────────Bar Chart (Vertical)───────────────────╮
│Sine wave:                                                ││                                    ██                    │
│▄▇█▅▁ ▃▇█▆▂ ▂▆█▇▃ ▁▅█▇▄▁ ▃▇█▅▁▂                           ││                              ▇▇    ██                    │
│Cosine wave:                                              ││                              ██    ██                    │
│█▆▂ ▁▅█▇▃ ▁▄▇█▅▁ ▃▇█▆▂ ▂▆█▇▃ ▁                            ││          ▁▁    ██            ██ ▅▅ ██                    │
│Random noise:                                             ││      ▄▄  ██    ██            ██ ██ ██                    │
│█▇▁▃▁▅▃▄▄▆ █▂ ▃▃▆▃▅█▁█▄ ▇▆▃▁  ▆                           ││      ██  ██    ██     ▆▆     ██ ██ ██                    │
│                                                          ││      ██  ██ ▂▂ ██     ██ ▇▇  ██ ██ ██                    │
│                                                          ││▄▄    ██  ██ ██ ██     ██ ██  ██ ██ ██                    │
│                                                          ││██ ▅▅ ██  ██ ██ ██     ██ ██  ██ ██ ██                    │
│                                                          ││██ ██ ██  ██ ██ ██  ▇▇ ██ ██  ██ ██ ██                    │
│                                                          ││██ ██ ██  ██ ██ ██  ██ ██ ██  ██ ██ ██                    │
│                                                          ││██ ██ ██  ██ ██ ██  ██ ██ ██  ██ ██ ██                    │
│                                                          ││██ ██ ██  ██ ██ ██  ██ ██ ██  ██ ██ ██                    │
│                                                          ││██ ██ ██  ██ ██ ██  ██ ██ ██  ██ ██ ██                    │
│                                                          ││██ ██ ██  ██ ██ ██  ██ ██ ██  ██ ██ ██                    │
│                                                          ││██ ██ ██  ██ ██ ██  ██ ██ ██  ██ ██ ██                    │
│                                                          ││██ ██ ██  ██ ██ ██  ██ ██ ██  ██ ██ ██                    │
│                                                          ││   Q         Q         Q         Q                        │
╰──────────────────────────────────────────────────────────╯╰──────────────────────────────────────────────────────────╯
╭────────────────────────Line Chart────────────────────────╮╭─────────────────────Canvas (Braille)─────────────────────╮
││⡀             ⢀          ⢀        ⢀          ⢀  ■ sin(t) ││⡏⠉⠉⢉⣉⡩⠩⠭⠩⠍⠭⠩⠩⠍⠍⠍⠍⠍⠍⠍⠍⠍⠍⡉⡉⡉⡉⠉⠉⠉⠉⢉⢉⢉⢉⠩⠩⠩⠩⠩⠩⠩⠩⠩⠩⠍⠍⠭⠩⠍⠭⠍⢍⣉⡉⠉⠉⡇│
││⢱ ⡠⢴      ⢀⠷⡀ ⡞⡄      ⣀⢤ ⡜⢆       ⡞⡄⢰⢄⡀      ⡜⢆ ■⢇cos(t) ││⡇⡴⠊⠁                ⡀⡀⠄⠄⠄⠂⠂⠑⠉⠉⠊⠐⠐⠠⠠⠠⢀⢀                ⠈⠑⢦⡇│
││ ⣇⠇ ⡇     ⢸ ⠘⣴⠁⢣     ⢀⠇⠈⣦⠃⠘⡄     ⢰⠁⢣⡇ ⢸     ⢠⠃⠘⣤⠃⢸       ││⡇⢇           ⢀⠠⠄⠂⠂⠁⠁                  ⠈⠈⠐⠐⠠⠄⡀           ⡸⡇│
││ ⢸⡀ ⢣     ⡇  ⣇ ⠘⡄    ⢸  ⣟  ⢸     ⡇ ⢸⡇  ⡇    ⡜  ⣼  ⡇      ││⡇⠈⠑⢄⡀   ⣀⠠⠂⠊⠈                                ⠁⠑⠐⠄⣀   ⢀⡠⠊⠁⡇│
││ ⡎⡇ ⠸⡀   ⢸  ⢰⢹  ⢣    ⡎ ⢠⢻  ⠘⡄   ⢰⠁ ⡸⢣  ⡇   ⢠⠃  ⡟⡄ ⢱      ││⡇   ⢈⠖⠲⡁                                          ⢈⠖⠲⡁   ⡇│
││⢀⠇⢱  ⡇   ⡎  ⢸⠸⡀ ⢸   ⢀⠇ ⢸ ⡇  ⡇   ⡸  ⡇⢸  ⢸   ⢸  ⢸ ⡇ ⠘⡄     ││⡇ ⡠⠎⠁  ⠈⠈⠂⠤⢀                                  ⡀⠤⠐⠁⠁  ⠈⠱⢄ ⡇│
││⢸ ⢸  ⢱   ⡇  ⡇ ⡇ ⠈⡆  ⢸  ⡇ ⢣  ⢇   ⡇ ⢰⠁ ⡇ ⢸   ⡇  ⡜ ⢇  ⡇     ││⡇⡴⠁         ⠁⠂⠄⠄⡀                        ⢀⠠⠠⠐⠈         ⠈⢦⡇│
││⡎ ⠘⡄ ⠸⡀ ⢸  ⢠⠃ ⡇  ⡇  ⡎  ⡇ ⢸  ⢸  ⢠⠃ ⢸  ⢇  ⡇  ⡇  ⡇ ⢸  ⢸     ││⡇⡇              ⠈⠐⠐⠠⢀                ⡀⠄⠂⠂⠁              ⢸⡇│
││⠁  ⡇  ⡇ ⢸  ⢸  ⢸  ⢣ ⢀⠇ ⢠⠃  ⡇ ⢸  ⢸  ⡇  ⢸  ⢇ ⢠⠃ ⢸  ⢸  ⠸⡀    ││⡇⢣                   ⠈⠐ ⠄⠄⡀    ⢀⠠⠠ ⠂⠁                   ⡼⡇│
││   ⢇  ⢱ ⡎  ⡎  ⠸⡀ ⢸ ⢸  ⢸   ⢣  ⡇ ⡇  ⡇  ⠈⡆ ⢸ ⢸  ⡜   ⡇  ⡇    ││⡇ ⠱⢄                      ⢀⠡⠢⠔⠌⡀                      ⡠⠎ ⡇│
││   ⢸  ⢸ ⡇ ⢀⠇   ⡇ ⠸⡀⡎  ⡸   ⢸  ⢇⢠⠃ ⢰⠁   ⡇ ⠈⡆⡸  ⡇   ⢇  ⢱    ││⡇   ⠑⠢⡀              ⡀⠄⠂⠐⠈      ⠁⠂⠐⠠⢀              ⢀⠔⠊   ⡇│
││   ⠘⡄  ⣧⠃ ⢸    ⢱  ⣇⠇  ⡇    ⡇ ⢸⡸  ⢸    ⢸  ⢇⡇ ⢸    ⢸  ⢸ ⡜  ││⡇      ⠑⠂⢄⢀    ⢀⢀⠄⠂⠂⠁                ⠈⠐⠐⠠⡀⡀    ⡀⡠⠐⠊      ⡇│
││    ⢣  ⢻  ⡇    ⠘⡄ ⢹  ⢰⠁    ⢣  ⡇  ⡎    ⠘⡄ ⢸⠁ ⡎     ⡇  ⡟   ││⡇          ⡁⠦⠔⢌                            ⡡⠢⠴⢈          ⡇│
││    ⠘⡄⢠⠛⡄⢸      ⡇ ⡎⡇ ⡇     ⠘⡄⢸⢸ ⢠⠃     ⢣ ⡏⡆⢀⠇     ⢸ ⢠⠢⡀  ││⡇     ⣀⠄⠔⠈⠁    ⠈⠈⠐⠠⠠⢀⢀              ⡀⡀⠄⠄⠂⠁⠁    ⠈⠁⠢⠠⣀     ⡇│
││     ⢣⠎ ⠘⡎      ⠸⠒⠁⠸⡸       ⠘⡎⠈⡶⠁      ⠘⡼ ⠉⠚      ⠈⡶⠁ ⠑  ││⡇ ⢀⡠⠔⠊                ⠈⠐⠐⠠⠠ ⣀⣀ ⠄⠄⠂⠂⠁                ⠑⠢⢄⡀ ⡇│
││     ⠈              ⠁                   ⠁                ││⡇⡖⠁              ⢀⢀⢀⠠⠠⠠⠐⠐⠐⠈⠈  ⠁⠁⠂⠂⠂⠄⠄⠄⡀⡀⡀              ⠈⢲⡇│
│└─────────────────────────────────────────────────────────││⠧⠽⠶⠶⠶⠶⠶⠴⠦⠶⠴⠦⠦⠮⠬⠬⠬⠤⠤⠤⠤⠤⠤⠤⠤⠤⠤⠤⠤⠤⠤⠤⠤⠤⠤⠤⠤⠤⠤⠤⠤⠥⠥⠥⠵⠴⠴⠦⠶⠴⠦⠶⠶⠶⠶⠶⠯⠇│
╰──────────────────────────────────────────────────────────╯╰──────────────────────────────────────────────────────────╯
Tick: 35 | Ctrl+←/→: panels | d: toggle bar direction                                                                   