╭────Sparklines────╮╭Bar Chart (Vertica╮
│Sine wave:        ││▁▁    ▄▄  ▄▄ ▂▂ ▅▅│
│▄▇█▅▁ ▃▇█▆▂ ▂▆█▇▃ ││██ ██ ██  ██ ██ ██│
│Cosine wave:      ││   Q         Q    │
╰──────────────────╯╰──────────────────╯
╭────Line Chart────╮╭─Canvas (Braille)─╮
│                  ││⡏⣭⣭⣭⣭⣭⣭⣭⣭⣭⣭⣭⣭⣭⣭⣭⣭⡇│
│                  ││⠧⠿⠿⠿⠿⠿⠿⠿⠷⠾⠿⠿⠿⠿⠿⠿⠿⠇│
╰──────────────────╯╰──────────────────╯
Tick: 30 | Ctrl+←/→: panels | d: toggle 