╭─────Project Tree──────╮╭Files (23 ite╮
│? my-app              ││? / ? home │
│├── ? src             ││  Name       │
││   ├── ? main.rs     ││?  drwxr-xr-│
││   ├── ? lib.rs      ││?  drwxr-xr-│
││   └── ? models      ││?  drwxr-xr-│
││       ├── ? user.rs ││?  drwxr-xr-│
││       └── ? post.rs ││?  drwxr-xr-│
╰───────────────────────╯╰─────────────╯
? .git  | h/l: panels | j/k: navigate |