╭─────Project Tree──────╮╭───────────────Files (23 items)───────────────╮╭───────────────Preview: ? src───────────────╮
│? my-app              ││? / ? home → ? user → ? projects → ? my-a││Directory  •  Size: --  •  Perms: drwxr-xr-x │
│├── ? src             ││  Name                         Perms      Size││Path: /home/user/projects/my-app             │
││   ├── ? main.rs     ││? .git                         drwxr-xr-x  --││Preview:                                     │
││   ├── ? lib.rs      ││? assets                       drwxr-xr-x  --││Directory contents:                          │
││   └── ? models      ││? docs                         drwxr-xr-x  --││  ? .git                                    │
││       ├── ? user.rs ││? src                          drwxr-xr-x  --││  ? assets                                  │
││       └── ? post.rs ││? target                       drwxr-xr-x  --││  ? docs                                    │
│├── ? tests           ││? tests                        drwxr-xr-x  --││  ? src                                     │
││   ├── ? test_app.py ││? build.sh                   lrwxr-xr-x  48 B││  ? target                                  │
││   └── ? integration.││? app.py                   -rwxr-xr-x  1.5 KB││  ? tests                                   │
│├── ? docs            ││? Cargo.toml                -rw-r--r--  512 B││  ? build.sh                                │
││   ├── ? README.md   ││? config.toml               -rw-r--r--  256 B││  ? app.py                                  │
││   └── ? API.md      ││? cover.jpg              -rw-r--r--  512.0 KB││                                             │
│├── ? Cargo.toml      ││? data.json               -rw-r--r--  10.2 KB││                                             │
│├── ? package.json    ││? demo.mp4                -rw-r--r--  12.6 MB││                                             │
│└── ? .gitignore      ││? lib.rs                   -rw-r--r--  4.1 KB││                                             │
│                       ││? logo.png               -rw-r--r--  424.1 KB││                                             │
│                       ││? main.rs                  -rw-r--r--  2.0 KB││                                             │
│                       ││? mod.rs                    -rw-r--r--  512 B││                                             │
│                       ││? package.json              -rw-r--r--  384 B││                                             │
│                       ││? README.md                -rw-r--r--  3.1 KB││                                             │
│                       ││? scripts.py               -rwxr-xr-x  1.6 KB││                                             │
│                       ││? settings.toml             -rw-r--r--  256 B││                                             │
│                       ││? song.mp3                 -rw-r--r--  3.4 MB││                                             │
│                       ││? test_app.py               -rwxr-xr-x  892 B││                                             │
│                       ││                                              ││                                             │
│                       ││                                              ││                                             │
│                       ││                                              ││                                             │
│                       ││                                              ││                                             │
│                       ││                                              ││                                             │
│                       ││                                              ││                                             │
│                       ││                                              ││                                             │
│                       ││                                              ││                                             │
│                       ││                                              ││                                             │
│                       ││                                              ││                                             │
│                       ││                                              ││                                             │
│                       ││                                              ││                                             │
╰───────────────────────╯╰──────────────────────────────────────────────╯╰─────────────────────────────────────────────╯
? src  | h/l: panels | j/k: navigate | g/G: first/last | Enter: open | Backspace: up | .: hidden                       