╭Registration Form─╮╭───Text Inputs────╮
│Name:         Ente││Search:   Search..│
│Email:        user││Password: Password│
│Role:           De││                  │
│Theme:        (1) │╰──────────────────╯
│Age:            25│╭───Text Editor────╮
│Tab: next | Enter:││1  Hello, world!  │
│                  ││2                 │
╰──────────────────╯╰──────────────────╯
Ctrl+←/→: switch panels | Form: Tab/↑/↓ 