╭────────────────────Registration Form─────────────────────╮╭───────────────────────Text Inputs────────────────────────╮
│ NEEDS ATTN   REQ 0/3   ERR 1   FIELDS 3/6                ││ Search   Search...                                       │
│Name *:         Enter your name...                        ││ Password Password                                        │
│                ⚠ Name is required                        ││                                                          │
│Email *:        user@example.com                          │╰──────────────────────────────────────────────────────────╯
│Role:             Developer                               │╭───────────────────────Text Editor────────────────────────╮
│Theme:          (1) Light                                 ││1  Hello, world!                                          │
│Age:              25                                      ││2                                                         │
│Accept Terms *: [ ]                                       ││3  This is a multi-line text editor.                      │
│                                                          ││4  You can type, select, undo/redo, and more.             │
│                                                          ││5                                                         │
│                                                          ││6  Try Shift+Arrow to select text.                        │
│                                                          ││7  Ctrl+A selects all.                                    │
│                                                          ││8  Ctrl+Z to undo, Ctrl+Y to redo.                        │
│                                                          ││                                                          │
│                                                          ││                                                          │
│                                                          ││                                                          │
│                                                          ││                                                          │
│                                                          ││                                                          │
│                                                          ││                                                          │
│                                                          ││                                                          │
│                                                          ││                                                          │
│                                                          ││                                                          │
│                                                          ││                                                          │
│                                                          ││                                                          │
│                                                          ││                                                          │
│                                                          ││                                                          │
│                                                          ││                                                          │
│                                                          ││                                                          │
│                                                          ││                                                          │
│                                                          ││                                                          │
│                                                          ││                                                          │
│                                                          ││                                                          │
│                                                          ││                                                          │
│                                                          ││                                                          │
│                                                          ││                                                          │
│Tab: next | Enter: submit | Esc: cancel                   ││                                                          │
│Legend: * required | red=error | green=valid | dim=disable││                                                          │
╰──────────────────────────────────────────────────────────╯╰──────────────────────────────────────────────────────────╯
Editing: Email (field 2/6) | Required: 0/3 | Undo:0 Redo:0 | Errors: 1 | Ctrl+U: Show history                           