╭───────────────────────────── Agent Tree ─────────────────────────────╮╭──────────────── Agent Detail ────────────────╮
│🏘 Gas Town                                                            ││No agent selected.                            │
│├── ⚙ frankentui                                                      ││                                              │
││   ├── ▶ obsidian [polecat] (sess-80f9)                              ││Navigate with ↑/↓ arrows                      │
││   ├── ○ witness [witness] (sess-a1b2)                               ││and press Enter to select                     │
││   ╰── ○ refinery [refinery] (sess-c3d4)                             ││an agent leaf node.                           │
│├── ⚙ gastown                                                         ││                                              │
││   ├── ▶ granite [polecat] (sess-e5f6)                               ││Press Space to expand/collapse                │
││   ├── ■ marble [polecat] (sess-g7h8)                                ││rig nodes.                                    │
││   ├── ▶ witness [witness] (sess-i9j0)                               ││                                              │
││   ╰── ○ refinery [refinery] (sess-k1l2)                             ││                                              │
│╰── ⚙ beads                                                           ││                                              │
│    ├── ☠ slate [polecat] (sess-m3n4)                                 ││                                              │
│    ╰── ○ witness [witness] (sess-o5p6)                               ││                                              │
│                                                                      ││                                              │
│                                                                      ││                                              │
│                                                                      ││                                              │
│                                                                      ││                                              │
│                                                                      ││                                              │
│                                                                      ││                                              │
│                                                                      ││                                              │
│                                                                      ││                                              │
│                                                                      ││                                              │
│                                                                      ││                                              │
│                                                                      ││                                              │
│                                                                      ││                                              │
│                                                                      ││                                              │
│                                                                      ││                                              │
│                                                                      ││                                              │
│                                                                      ││                                              │
│                                                                      ││                                              │
│                                                                      ││                                              │
│                                                                      ││                                              │
│                                                                      ││                                              │
│                                                                      ││                                              │
│                                                                      ││                                              │
│                                                                      ││                                              │
│                                                                      ││                                              │
│                                                                      ││                                              │
╰──────────────────────────────────────────────────────────────────────╯╰──────────────────────────────────────────────╯