╭─────────────────Toast Events─────────────────╮                                                                        
│Gas Town event notifications:                 │                                                                        
│                                              │                                                                        
│  m  New mail (info)                          │                                                                        
│  c  Polecat complete (success)               │                                                                        
│  s  Polecat stuck/zombie (error)             │                                                                        
│  e  Escalation (warning)                     │                                                                        
│  l  Convoy landed (success)                  │                                                                        
│                                              │                                                                        
│  a  Toggle auto-events                       │                                                                        
│  d  Dismiss all                              │                                                                        
│                                              │                                                                        
│Queue: 0 visible, 0 pending                   │                                                                        
│Events fired: 0                               │                                                                        
│Auto-mode: OFF                                │                                                                        
│                                              │                                                                        
│                                              │                                                                        
│                                              │                                                                        
│                                              │                                                                        
│                                              │                                                                        
│                                              │                                                                        
│                                              │                                                                        
│                                              │                                                                        
│                                              │                                                                        
│                                              │                                                                        
│                                              │                                                                        
│                                              │                                                                        
│                                              │                                                                        
│                                              │                                                                        
│                                              │                                                                        
│                                              │                                                                        
│                                              │                                                                        
│                                              │                                                                        
│                                              │                                                                        
│                                              │                                                                        
│                                              │                                                                        
│                                              │                                                                        
│                                              │                                                                        
│                                              │                                                                        
╰──────────────────────────────────────────────╯                                                                        