╭────────────────────────── Preset 1: Flex Vertical ───────────────────────────╮
│┌──────────────────────────────────Fixed(5)──────────────────────────────────┐│
││78x5 @(1,1)                                                                 ││
││                                                                            ││
││                                                                            ││
│└────────────────────────────────────────────────────────────────────────────┘│
│┌──────────────────────────────────Pct(30%)──────────────────────────────────┐│
││78x3 @(1,6)                                                                 ││
│└────────────────────────────────────────────────────────────────────────────┘│
│┌───────────────────────────────────Min(3)───────────────────────────────────┐│
││78x3 @(1,9)                                                                 ││
│└────────────────────────────────────────────────────────────────────────────┘│
╰──────────────────────────────────────────────────────────────────────────────╯
────────────────────────────────────────────────────────────────────────────────
╭────────── Controls ──────────╮╭──────────────── Widget Demos ────────────────╮
│Preset: [1] Flex Vertical     ││┌Padding──────────────┐ ┌Align (l)───────────┐│
│Direction: Vertical (d)       │││                     │ │       Center       ││
│Alignment: Start (a)          │││                     │ │                    ││
│Gap: 0 (+/-)                  ││└─────────────────────┘ └────────────────────┘│
│Margin: 0 (m/M)               ││┌Columns──────────────┐ ┌Group───────────────┐│
│Padding: 1 (p/P)              │││A      B      C      │ │Overlayayer         ││
│Constraints: > Fixed(5)    Pct│││                     │ │                    ││
│                              ││└─────────────────────┘ └────────────────────┘│
╰──────────────────────────────╯╰──────────────────────────────────────────────╯