╭────── Preset 1: Flex Vertical ───────╮
│┌──────────────Fixed(5)──────────────┐│
││38x4 @(1,1)                         ││
││                                    ││
│└────────────────────────────────────┘│
╰──────────────────────────────────────╯
────────────────────────────────────────
╭── Controls ──╮╭──── Widget Demos ────╮
│              ││                      │
╰──────────────╯╰──────────────────────╯