╭────────────────────────────────────────────── Preset 1: Flex Vertical ───────────────────────────────────────────────╮
│┌──────────────────────────────────────────────────────Fixed(5)──────────────────────────────────────────────────────┐│
││118x5 @(1,1)                                                                                                        ││
││                                                                                                                    ││
││                                                                                                                    ││
│└────────────────────────────────────────────────────────────────────────────────────────────────────────────────────┘│
│┌──────────────────────────────────────────────────────Pct(30%)──────────────────────────────────────────────────────┐│
││118x6 @(1,6)                                                                                                        ││
││                                                                                                                    ││
││                                                                                                                    ││
││                                                                                                                    ││
│└────────────────────────────────────────────────────────────────────────────────────────────────────────────────────┘│
│┌───────────────────────────────────────────────────────Min(3)───────────────────────────────────────────────────────┐│
││118x5 @(1,12)                                                                                                       ││
││                                                                                                                    ││
││                                                                                                                    ││
│└────────────────────────────────────────────────────────────────────────────────────────────────────────────────────┘│
│┌──────────────────────────────────────────────────────Max(10)───────────────────────────────────────────────────────┐│
│└────────────────────────────────────────────────────────────────────────────────────────────────────────────────────┘│
│┌─────────────────────────────────────────────────────Ratio(1/3)─────────────────────────────────────────────────────┐│
│└────────────────────────────────────────────────────────────────────────────────────────────────────────────────────┘│
╰──────────────────────────────────────────────────────────────────────────────────────────────────────────────────────╯
────────────────────────────────────────────────────────────────────────────────────────────────────────────────────────
╭────────────────── Controls ──────────────────╮╭──────────────────────────── Widget Demos ────────────────────────────╮
│Preset: [1] Flex Vertical                     ││┌Padding──────────────────────────┐ ┌Align (l)───────────────────────┐│
│Direction: Vertical (d)                       │││                                 │ │                                ││
│Alignment: Start (a)                          │││ Padding(1)                      │ │                                ││
│Gap: 0 (+/-)                                  │││                                 │ │             Center             ││
│Margin: 0 (m/M)                               │││                                 │ │                                ││
│Padding: 1 (p/P)                              │││                                 │ │                                ││
│Constraints: > Fixed(5)    Pct(30%)    Min(3) ││└─────────────────────────────────┘ └────────────────────────────────┘│
│                                              ││┌Columns──────────────────────────┐ ┌Group───────────────────────────┐│
│                                              │││A          B          C          │ │Overlayayer                     ││
│                                              │││                                 │ │                                ││
│                                              │││                                 │ │                                ││
│                                              │││                                 │ │                                ││
│                                              │││                                 │ │                                ││
│                                              │││                                 │ │                                ││
│                                              ││└─────────────────────────────────┘ └────────────────────────────────┘│
╰──────────────────────────────────────────────╯╰──────────────────────────────────────────────────────────────────────╯