╭───────────Markdown Renderer────────────╮╭LLM Streaming Simulation | Streaming... ╮╭──────────Style Sampler───────────╮
│                                        ││▌                                       ││Bold  Dim  Italic  Underline      │
│  f(x) = ∫_{−∞}^{∞} e^{−x²} dx = √{π}   ││                                        ││Strikethrough  Reverse  Blink     │
│                                        ││                                        ││Dbl-Underline  Curly-Underline  [H│
│Greek letters: α, β, γ, δ, ε            ││                                        ││                                  │
│                                        ││                                        ││Error  Success  Warning  Link  Cod│
│Operators: ×, ÷, ±, ≤, ≥, ≠, ≈          ││                                        ││                                  │
│                                        ││                                        │╰──────────────────────────────────╯
│Task Lists                              ││                                        │────────────────────────────────────
│✓ Implement markdown parser             ││                                        │╭─────Wrap: Word | Align: Left─────╮
│✓ Add LaTeX to Unicode conversion       ││                                        ││w: cycle wrap | a: cycle alignment│
│✓ Support task list checkboxes          ││                                        ││The quick brown fox jumps over the│
│☐ Add syntax highlighting               ││                                        ││lazy dog.                         │
│☐ Write comprehensive tests             ││                                        ││Supercalifragilisticexpialidocious│
│                                        ││                                        ││is quite a long word that tests   │
│Admonitions                             ││                                        ││character-level wrapping behavior.│
│                                        ││                                        ││???? contains CJK characters  │
│?  NOTE                                ││                                        ││that are double-width. ? Ferris  │
│┃ This is an informational note with    ││                                        ││says hello!                       │
│helpful context.                        ││                                        ││                                  │
│                                        ││                                        ││                                  │
│? TIP                                  ││                                        ││                                  │
│┃ Pro tip: Use keyboard shortcuts for   ││                                        ││                                  │
│faster navigation.                      ││                                        ││                                  │
│                                        ││                                        ││                                  │
│? IMPORTANT                            ││                                        ││                                  │
│┃ Critical information that users need  ││                                        ││                                  │
│to know.                                ││                                        ││                                  │
│                                        ││                                        ││                                  │
│?  WARNING                             ││                                        ││                                  │
│┃ Potential issues or things to be      ││                                        ││                                  │
│careful about.                          ││                                        ││                                  │
│                                        ││                                        ││                                  │
│? CAUTION                              ││                                        ││                                  │
│┃ Dangerous actions that may cause      ││                                        ││                                  │
│problems.                               ││  [░░░░░░░░░░░░░░░░░░░░░░░░░░░░░░░░░░░░]││                                  │
│                                        ││  Detection: 0 indicators | Uncertain   ││                                  │
│Footnotes                               ││  Confidence: 0% | Chars: 0/1304        ││                                  │
│                                        ││  Space: play/pause | r: restart | ↑↓: s││                                  │
╰────────────────────────────────────────╯╰────────────────────────────────────────╯╰──────────────────────────────────╯