╭Markdown Ren╮╭LLM Streamin╮╭Style Samp╮
│GitHub-Flavo││▌           ││Bold  Dim │
│Markdown    ││            ││Strikethro│
│            ││            ││Dbl-Underl│
│Math & LaTeX││            ││          │
│Support     ││            ││Error  Suc│
│            ││  [░░░░░░░░]││          │
│Inline math ││  Detection:│╰──────────╯
│like E = mc²││  Confidence│────────────
╰────────────╯╰────────────╯╰Wrap: Word╯