╭Markdown Renderer─╮╭──Style Sampler───╮
│FrankenTUI        ││Bold  Dim  Italic │
│Markdown Demo     ││Strikethrough  Rev│
│                  ││Dbl-Underline  Cur│
│Typography        ││                  │
│Showcase          ││Error  Success  Wa│
│                  ││                  │
│This demonstrates ││                  │
│the full range of │╰──────────────────╯
╰──────────────────╯────────────────────