╭────────────────────Markdown Renderer─────────────────────╮╭──────────────────────Style Sampler───────────────────────╮
│code`. Combine them: bold italic, `bold code`, `italic    ││Bold  Dim  Italic  Underline                              │
│code`.                                                    ││Strikethrough  Reverse  Blink                             │
│                                                          ││Dbl-Underline  Curly-Underline  [Hidden]                  │
│Links                                                     ││                                                          │
│                                                          ││Error  Success  Warning  Link  Code                       │
│Visit FrankenTUI for more info.                           ││                                                          │
│                                                          ││                                                          │
│Blockquotes                                               │╰──────────────────────────────────────────────────────────╯
│                                                          │────────────────────────────────────────────────────────────
││ "Any sufficiently advanced technology is                │╭─────────────────────Unicode Showcase─────────────────────╮
│indistinguishable from magic." │ — Arthur C. Clarke       ││Text                      Type                      Cells │
│                                                          ││Hello                     ASCII                     5     │
│Code Block                                                ││????                  CJK                       8     │
│                                                          ││?????                Hiragana                  10    │
│  fn main() {                                             ││???                    Emoji                     6     │
│      println!("Hello, FrankenTUI!");                     ││café                      Latin+accent              4     │
│      let tui = FrankenTUI::new()                         ││α β γ δ                   Greek                     7     │
│          .with_theme(Theme::dark())                      ││→ ← ↑ ↓                   Arrows                    7     │
│          .build();                                       ││█▓▒░                      Block el.                 4     │
│      tui.run().unwrap();                                 ││                                                          │
│  }                                                       ││                                                          │
│                                                          ││                                                          │
│Lists                                                     ││                                                          │
│                                                          ││                                                          │
│Unordered:                                                │╰──────────────────────────────────────────────────────────╯
│• Styled text rendering                                   │╭─────────────────Wrap: Word | Align: Left─────────────────╮
│• Unicode-aware wrapping                                  ││w: cycle wrap | a: cycle alignment                        │
│• Grapheme cluster support                                ││The quick brown fox jumps over the lazy dog.              │
│• CJK and emoji handling                                  ││Supercalifragilisticexpialidocious is quite a long word   │
│                                                          ││that tests character-level wrapping behavior. ????    │
│Ordered:                                                  ││contains CJK characters that are double-width. ? Ferris  │
│1. Parse markdown with pulldown-cmark                     ││says hello!                                               │
│2. Apply theme styles to elements                         ││                                                          │
│3. Render styled Text in Paragraph widget                 ││                                                          │
│                                                          ││                                                          │
│Headings at Every Level                                   ││                                                          │
│                                                          ││                                                          │
│H4: Sub-subsection                                        ││                                                          │
╰──────────────────────────────────────────────────────────╯╰──────────────────────────────────────────────────────────╯