╭───────────Markdown Renderer───────────╮ ╭LLM Streaming Simulation | Streaming...╮ ╭──────────Style Sampler───────────╮
│                                       │ │▌                                      │ │Bold  Dim  Italic  Underline      │
│  ∫_{−∞}^{∞} e^{−x²} dx = √{π}         │ │                                       │ │Strikethrough  Reverse  Blink     │
│                                       │ │                                       │ │Dbl-Underline  Curly-Underline  [H│
│Admonitions                            │ │                                       │ │                                  │
│                                       │ │                                       │ │Error  Success  Warning  Link  Cod│
│ℹ  NOTE                                │ │                                       │ │                                  │
│┃ Information note with rich emphasis. │ │                                       │ ╰──────────────────────────────────╯
│                                       │ │                                       │                                     
│?? TIP                                 │ │                                       │ ╭─────────Unicode Showcase─────────╮
│┃ Use Tab and Shift+Tab to navigate.   │ │                                       │ │Text         │Type         │Cells │
│                                       │ │                                       │ │Hello        │ASCII        │5     │
│⚠  WARNING                             │ │                                       │ │????????     │CJK          │8     │
│┃ Unsafe mode is forbidden in this     │ │                                       │ │??????????   │Hiragana     │10    │
│project.                               │ │                                       │ │??????       │Emoji        │6     │
│                                       │ │                                       │ │café         │Latin+accent │4     │
│Task Lists + Links                     │ │                                       │ │α β γ δ      │Greek        │7     │
│✓ Inline mode + scrollback             │ │                                       │ │→ ← ↑ ↓      │Arrows       │7     │
│✓ Deterministic output                 │ │                                       │ ╰──────────────────────────────────╯
│☐ Time-travel diff heatmap             │ │                                       │                                     
│☐ Conformal frame-time predictor       │ │                                       │ ╭─────Wrap: Word | Align: Left─────╮
│                                       │ │                                       │ │w: cycle wrap | a: cycle alignment│
│Link: https://example.com              │ │                                       │ │The quick brown fox jumps over the│
│                                       │ │                                       │ │lazy dog.                         │
│Code Blocks                            │ │                                       │ │Supercalifragilisticexpialidocious│
│                                       │ │                                       │ │is quite a long word that tests   │
│─── rust ───                           │ │                                       │ │character-level wrapping behavior.│
│  #[derive(Debug, Clone)]              │ │                                       │ │???????? contains CJK characters  │
│  pub enum Strategy { Full, DirtyRows, │ │                                       │ │that are double-width. ?? Ferris  │
│Redraw }                               │ │                                       │ │says hello!                       │
│                                       │ │                                       │ │                                  │
│  pub fn choose(costs: &[f64; 3]) ->   │ │                                       │ │                                  │
│Strategy {                             │ │                                       │ │                                  │
│      let (idx, _) = costs.iter().     │ │                                       │ │                                  │
│enumerate().min_by(|a, b| a.1.         │ │                                       │ │                                  │
│total_cmp(b.1)).unwrap();              │ │  [░░░░░░░░░░░░░░░░░░░░░░░░░░░░░░░░░░░]│ │                                  │
│      match idx { 0 => Strategy::Full, │ │  Detection: 0 indicators | Uncertain  │ │                                  │
│1 => Strategy::DirtyRows, _ =>         │ │  Confidence: 0% | Chars: 0/2955       │ │                                  │
│Strategy::Redraw }                     │ │  Space: play/pause | r: restart | f: t│ │                                  │
╰───────────────────────────────────────╯ ╰───────────────────────────────────────╯ ╰──────────────────────────────────╯