┌──────────────────────────────────────────────────────────────────────────────────────────────────────────────────────────────────────────────────────────────────────────────────────────────────────┐
│ Tier:auto Glyph:unicode Render:braille Wrap:wordchar Layout:auto Dir:auto Palette:default Zoom:100% VP:auto Gen:n24 b2 d25% l6 seed1                                                                 │
│                                                                                                                                                                                                      │
│                                                                                                                                                                                                      │
│                                                                                                                                                                                                      │
└──────────────────────────────────────────────────────────────────────────────────────────────────────────────────────────────────────────────────────────────────────────────────────────────────────┘
┌ Architecture Beta Stress [default] ──────────────────────────────────────────────────────────────────────────────────────────────────────────────────────────────────────┐┌ Metrics ─────────────────┐
│                                                                                                                                                                          ││                          │
│                                                                  ┌────────────────────────────────────┐                                                                  ││Mode: normal              │
│                                                                  │                                    │                                                                  ││Sample: Architecture Beta │
│                                                                  │ cloud Edge                         │                                                                  ││Palette: default          │
│                                                      ⢀⣀⣀⣀⣀⣀⣀⣀⣀⣀⣀⣀│⣀⣀⣀⣀⣀⣀⣀⣀⣀⣀⣀⣀⣀⣀⣀⣀⣀⣀⣀⣀⣀⣀⣀⣀⣀⣀⣀⣀⣀⣀⣀⣀⣀⣀⣀⣀│⣀⣀⣀⣀⣀⣀⣀⣀⣀⣀⣀⡀                                                      ││Node: -                   │
│                                                      ⢸⣿⣿⣿⣿⣿⣿⣿⣿⣿⣿⣿│⣿⣿⣿⣿⣿⣿⣿⣿⣿⣿⣿⣿⣿⣿⣿⣿⣿⣿⣿⣿⣿⣿⣿⣿⣿⣿⣿⣿⣿⣿⣿⣿⣿⣿⣿⣿│⣿⣿⣿⣿⣿⣿⣿⣿⣿⣿⣿⡇                                                      ││Epoch: a35/l35/r35        │
│                                                      ⢸⣿⣿⣿⣿⣿⣿⣿⣿⣿⣿⣿│⣿⣿⣿⣿                            ⣿⣿⣿⣿│⣿⣿⣿⣿⣿⣿⣿⣿⣿⣿⣿⡇                                                      ││VP: auto                  │
│                                                      ⢸⣿⣿⣿⣿⣿⣿⣿⣿⣿⣿⣿│⣿⣿⣿⣿       server Gateway       ⣿⣿⣿⣿│⣿⣿⣿⣿⣿⣿⣿⣿⣿⣿⣿⣇                                                      ││                          │
│                                                      ⢸⣿⣿⣿⣿⣿⣿⣿⣿⣿⣿⣿│⣿⣿⣿⣿                            ⣿⣿⣿⣿│⣿⣿⣿⣿⣿⣿⣿⣿⣿⣿⣿⡇                                                      ││Parse: -                  │
│                                                      ⢸⣿⣿⣿⣿⣿⣿⣿⣿⣿⣿⣿│⣿⣿⣿⣿                            ⣿⣿⣿⣿│⣿⣿⣿⣿⣿⣿⣿⣿⣿⣿⣿⡇                                                      ││Layout: -                 │
│                                                      ⠘⠛⠛⠛⠛⠛⠛⠛⠛⠛⠛⠛│⠛⠛⠛┌────────────────────────────┐⠛⠛⠛│⠛⠛⠛⠛⠛⠛⠛⠛⠛⠛⠛⠃                                                      ││Render: -                 │
│                                                                  │   │                   ⣀⡠⠤⠒⠊⠉   │   │                                                                  ││                          │
│                                                                  │   │ server Core⢀⣀⠤⠔⠒⠉⠉         │   │                                                                  ││                          │
│                                                              ⣤⣤⣤⣤└───│────────────────────────────│───┘⣤⣤⣤⣤                                                              ││Cache: 0/0                │
│                                                              ⣿⣿⣿⣿⣿⣿⣿⣿│⣿⣿⣿                      ⣿⣿⣿│⣿⣿⣿⣿⣿⣿⣿⣿                                                              ││Last: MISS                │
│                                                              ⣿⣿⣿⣿⣿⣿⣿⣿│⣿⣿⣿      server API      ⣿⣿⣿│⣿⣿⣿⣿⣿⣿⣿⣿                                                              ││                          │
│                                                              ⣿⣿⣿⣿⣿⣿⣿⣿│⣿⣿⣿                      ⣿⣿⣿│⣿⣿⣿⣿⣿⣿⣿⣿⠂                                                             ││                          │
│                                                              ⣿⣿⣿⣿⣿⣿⣿⣿│⣿⣿⣿                      ⣿⣿⣿│⣿⣿⣿⣿⣿⣿⣿⣿                                                              ││                          │
│                                                              ⣿⣿⣿⣿⣿⣿⣿⣿│⣿⣿⣿⣿⣿⣿⣿⣿⣿⣿⣿⣿⣿⣿⣿⣿⣿⣿⣿⣿⣿⣿⣿⣿⣿⣿⣿⣿│⣿⣿⣿⣿⣿⣿⣿⣿                                                              ││                          │
│                                                              ⠉⠉⠉⠉⠉⠉⠉⠉│⠉⠉⠉⠉⠉⠉⠉⠉⠉⠉⠉⠉⠉⠉⠉⠉⠉⠉⠉⣉⡩⠝⠛⠉⠉⠉⠉⠉│⠉⠉⠉⠉⠉⠉⠉⠉                                                              ││                          │
│                                                                      │              ⣀⡠⠔⠒⠉         │                                                                      ││                          │
│                                                                      │         ⣀⠤⠔⠊⠉              │                                                                      ││                          │
│                                                                ⣿⣿⣿⣿⣿⣿│⣿⣿⣿⣿⣿⣿⣿⣿⣿⣿⣿⣿⣿⣿⣿⣿⣿⣿⣿⣿⣿⣿⣿⣿⣿⣿⣿⣿│⣿⣿⣿⣿⣿⣿                                                                ││                          │
│                                                                ⣿⣿⣿⣿⣿⣿│⣿⣿⣿⣿                    ⣿⣿⣿⣿│⣿⣿⣿⣿⣿⣿                                                                ││                          │
│                                                                ⣿⣿⣿⣿⣿⣿│⣿⣿⣿⣿     lock Auth      ⣿⣿⣿⣿│⣿⣿⣿⣿⣿⣿                                                                ││                          │
│                                                                ⣿⣿⣿⣿⣿⣿│⣿⣿⣿⣿                    ⣿⣿⣿⣿│⣿⣿⣿⣿⣿⣿⠁                                                               ││                          │
│                                                                ⣿⣿⣿⣿⣿⣿│⣿⣿⣿⣿                    ⣿⣿⣿⣿│⣿⣿⣿⣿⣿⣿                                                                ││                          │
│                                                                ⣿⣿┌────────────────────────────────────┐⣿⣿                                                                ││                          │
│                                                                  │   │            ⢀⣀⠤⠔⠒⠉⠁         │   │                                                                  ││                          │
│                                                                  │ database Data⠒⠉⠁               │   │                                                                  ││                          │
│                                                      ⢀⣀⣀⣀⣀⣀⣀⣀⣀⣀⣀⣀│⣀⣀⣀│⣀⣀⣤⣔⣒⣉⣁⣀⣀⣀⣀⣀⣀⣀⣀⣀⣀⣀⣀⣀⣀⣀⣀⣀⣀⣀⣀⣀│⣀⣀⣀│⣀⣀⣀⣀⣀⣀⣀⣀⣀⣀⣀⡀                                                      ││                          │
│                                                      ⢸⣿⣿⣿⣿⣿⣿⣿⣿⣿⣿⣿│⣿⣿⣿└────────────────────────────┘⣿⣿⣿│⣿⣿⣿⣿⣿⣿⣿⣿⣿⣿⣿⡇                                                      ││                          │
│                                                      ⢸⣿⣿⣿⣿⣿⣿⣿⣿⣿⣿⣿│⣿⣿⣿⣿                            ⣿⣿⣿⣿│⣿⣿⣿⣿⣿⣿⣿⣿⣿⣿⣿⡇                                                      ││                          │
│                                                      ⢸⣿⣿⣿⣿⣿⣿⣿⣿⣿⣿⣿│⣿⣿⣿⣿       database Cache       ⣿⣿⣿⣿│⣿⣿⣿⣿⣿⣿⣿⣿⣿⣿⣿⣇                                                      ││                          │
│                                                      ⢸⣿⣿⣿⣿⣿⣿⣿⣿⣿⣿⣿│⣿⣿⣿⣿                            ⣿⣿⣿⣿│⣿⣿⣿⣿⣿⣿⣿⣿⣿⣿⣿⡇                                                      ││                          │
│                                                      ⢸⣿⣿⣿⣿⣿⣿⣿⣿⣿⣿⣿│⣿⣿⣿⣿                            ⣿⣿⣿⣿│⣿⣿⣿⣿⣿⣿⣿⣿⣿⣿⣿⡇                                                      ││                          │
│                                                      ⠘⠛⠛⠛⠛⠛⠛⠛⠛⠛⠛⠛│⠛⠛⠛⠛⠛⠛⠛⠛⠛⠛⠛⠛⠛⠛⠛⠛⠛⠛⠛⠛⠛⠛⠛⠛⠛⠛⠛⠛⢛⣛⠿⠟⠛⠛⠛⠛│⠛⠛⠛⠛⠛⠛⠛⠛⠛⠛⠛⠃                                                      ││                          │
│                                                                  │                      ⣀⡠⠤⠒⠊⠉⠁       │                                                                  ││                          │
│                                                                  │               ⢀⣀⠤⠔⠒⠉⠉              │                                                                  ││                          │
│                                                            ⣤⣤⣤⣤⣤⣤│⣤⣤⣤⣤⣤⣤⣤⣤⣤⣤⣤⣤⣶⣮⣭⣥⣤⣤⣤⣤⣤⣤⣤⣤⣤⣤⣤⣤⣤⣤⣤⣤⣤⣤⣤⣤│⣤⣤⣤⣤⣤⣤                                                            ││                          │
│                                                            ⣿⣿⣿⣿⣿⣿│⣿⣿⣿⣿⣿⣿⣿                      ⣿⣿⣿⣿⣿⣿⣿│⣿⣿⣿⣿⣿⣿                                                            ││                          │
│                                                            ⣿⣿⣿⣿⣿⣿│⣿⣿⣿⣿⣿⣿⣿     database DB      ⣿⣿⣿⣿⣿⣿⣿│⣿⣿⣿⣿⣿⣿                                                            ││                          │
│                                                            ⣿⣿⣿⣿⣿⣿│⣿⣿⣿⣿⣿⣿⣿                      ⣿⣿⣿⣿⣿⣿⣿│⣿⣿⣿⣿⣿⣿                                                            ││                          │
│                                                            ⣿⣿⣿⣿⣿⣿│⣿⣿⣿⣿⣿⣿⣿                      ⣿⣿⣿⣿⣿⣿⣿│⣿⣿⣿⣿⣿⣿                                                            ││                          │
│                                                            ⣿⣿⣿⣿⣿⣿│⣿⣿⣿⣿⣿⣿⣿⣿⣿⣿⣿⣿⣿⣿⣿⣿⣿⣿⣿⣿⣿⣿⣿⣿⣿⣿⣿⣿⣿⣿⣿⣿⣿⣿⣿⣿│⣿⣿⣿⣿⣿⣿                                                            ││                          │
│                                                            ⠉⠉⠉⠉⠉⠉│⠉⠉⠉⠉⠉⠉⠉⠉⠉⠉⠉⠉⠉⠉⠉⠉⠉⠉⠉⠉⠉⠉⠉⠉⠉⠉⠉⠉⠉⠉⠉⠉⠉⠉⠉⠉│⠉⠉⠉⠉⠉⠉                                                            ││                          │
│                                                                  │                                    │                                                                  ││                          │
│                                                                  │                                    │                                                                  ││                          │
│                                                                  └────────────────────────────────────┘                                                                  ││                          │
│                                                                                                                                                                          ││                          │
└──────────────────────────────────────────────────────────────────────────────────────────────────────────────────────────────────────────────────────────────────────────┘└──────────────────────────┘
NORMAL  j/k:sample u/U:nodes x/X:density t:tier p:palette H/J/K/L:pan []/{}:size o:reset /:filter Ctrl+U:clear ?:help                                                                                   
                                                                                                                                                                                                        