┌──────────────────────────────────────────────────────────────────────────────────────────────────────────────────────┐
│ Tier:auto Glyph:unicode Render:braille Wrap:wordchar Layout:auto Palette:default Zoom:100% VP:auto Gen:n24 b2 d25% l6│
│                                                                                                                      │
│                                                                                                                      │
│                                                                                                                      │
└──────────────────────────────────────────────────────────────────────────────────────────────────────────────────────┘
┌ State [default] ─────────────────────────────────────────────────────────────────────────┐┌ Metrics ─────────────────┐
│                                                                                          ││                          │
│                                                                                          ││Mode: normal              │
│                                                                                          ││Sample: State             │
│                                                                                          ││Palette: default          │
│                                                                                          ││Node: -                   │
│                                                                                          ││Epoch: a9/l9/r9           │
│                                                                                          ││VP: auto                  │
│                                                                                          ││                          │
│                                                                                          ││Parse: -                  │
│                                      ⣿⣿⣿⣿⣿⣿⣿⣿⣿⣿⣿⣿⣿⣿                                      ││Layout: -                 │
│                                      ⣿⣿⣿⣿⣿⣿⣿⣿⣿⣿⣿⣿⣿⣿                                      ││Render: -                 │
│                                             ⡇                                            ││Cache: 0/0                │
│                                             ⡇                                            ││Last: MISS                │
│                                             ⡇                                            ││                          │
│                                             ⡇                                            ││                          │
│                                             ⡇                                            ││                          │
│                                             ⡇                                            ││                          │
│                                             ⡇                                            ││                          │
│         ⣀⡄                ⢀⣠              ⡀⠹⡿⠁              ⢀                  ⣄⡀        ││                          │
│ ⣿⣿⣿⣿⣿⣿⣿⣿⣿⣿⣿⣿⣿⣿⠒⠒⠒⠢⢼⣿⣿⣿⣿⣿⣿⣿⣿⣿⣿⣿⣿⣿⡧⠤⠤⠤⣤⣿⣿⣿⣿⣿⣿⣿⣿⣿⣿⣿⣿⣿⣿⣀⣀⣀⣀⣸⣿⣿⣿⣿⣿⣿⣿⣿⣿⣿⣿⣿⣿⡗⠒⠒⠒⠒⣿⣿⣿⣿⣿⣿⣿⣿⣿⣿⣿⣿⣿⣿ ││                          │
│ ⣿⣿⣿⣿⣿⣿⣿⣿⣿⣿⣿⣿⣿⣿⣀⣀⣀⣀⣸⣿⣿⣿⣿⣿⣿⣿⣿⣿⣿⣿⣿⣿⡟⠛⠛⠛⠛⣿⣿⣿⣿⣿⣿⣿⣿⣿⣿⣿⣿⣿⣿⠶⢮⣭⣥⣼⣿⣿⣿⣿⣿⣿⣿⣿⣿⣿⣿⣿⣿⡇    ⣿⣿⣿⣿⣿⣿⣿⣿⣿⣿⣿⣿⣿⣿ ││                          │
│        ⠉⠉⠉⠉⠉             ⠈⠉                 ⠉⠁             ⠈⠉⠉⠉                          ││                          │
│                                                                                          ││                          │
│         finish             fail              retry             start                     ││                          │
│                                                                                          ││                          │
│                                                                                          ││                          │
│                                                                                          ││                          │
│                                                                                          ││                          │
│                                                                                          ││                          │
│                                                                                          ││                          │
└──────────────────────────────────────────────────────────────────────────────────────────┘└──────────────────────────┘
NORMAL  j/k:sample u/U:nodes x/X:density t:tier p:palette H/J/K/L:pan []/{}:size o:reset /:filter Ctrl+U:clear ?:help   
                                                                                                                        