┌──────────────────────────────────────────────────────────────────────────────────────────────────────────────────────┐
│ Tier:auto Glyph:unicode Render:braille Wrap:wordchar Layout:auto Palette:default Zoom:100% VP:auto Gen:n24 b2 d25% l6│
│                                                                                                                      │
│                                                                                                                      │
│                                                                                                                      │
└──────────────────────────────────────────────────────────────────────────────────────────────────────────────────────┘
┌ Sequence [default] ──────────────────────────────────────────────────────────────────────┐┌ Metrics ─────────────────┐
│                                                                                          ││                          │
│                 ⣿⣿⣿⣿⣿⣿⣿⣿⣿⣿⣿⣿⣿⣿⣿⣿⣿⣿⣿⣿⣿⣿⣿⣿⡇      ⢸⣿⣿⣿⣿⣿⣿⣿⣿⣿⣿⣿⣿⣿⣿⣿⣿⣿⣿⣿⣿⣿⣿⣿⣿                 ││Mode: normal              │
│                 ⣿⣿⣿⣿⣿⣿⣿⣿⣿⣿⣿⣿⣿⣿⣿⣿⣿⣿⣿⣿⣿⣿⣿⣿⡇      ⢸⣿⣿⣿⣿⣿⣿⣿⣿⣿⣿⣿⣿⣿⣿⣿⣿⣿⣿⣿⣿⣿⣿⣿⣿                 ││Sample: Sequence          │
│                 ⣿⣿⣿⣿⣿⣿⣿⣿⣿⣿⣿⣿⣿⣿⣿⣿⣿⣿⣿⣿⣿⣿⣿⣿⡇      ⢸⣿⣿⣿⣿⣿⣿⣿⣿⣿⣿⣿⣿⣿⣿⣿⣿⣿⣿⣿⣿⣿⣿⣿⣿                 ││Palette: default          │
│                 ⠿⠿⠿⠿⠿⠿⠿⠿⠿⠿⠿⠿⠿⠿⠿⠿⠿⠿⠿⠿⠿⠿⠿⠿⠇      ⠸⠿⠿⠿⠿⠿⠿⠿⠿⠿⠿⠿⠿⠿⠿⠿⠿⠿⠿⠿⠿⠿⠿⠿⠿                 ││Node: -                   │
│                                     │               │                                    ││Epoch: a7/l7/r7           │
│                                                                                          ││VP: auto                  │
│                                     │               │                                    ││                          │
│                                                                                          ││Parse: -                  │
│                             ⠤⠤⠤⠤⠤⠤⠤⠤│⠤⠤⠤⠤⠤⠤⠤⠤⠤⠤⠤⠤⠤⠤⠤│⠤⠤⠤⠤⠤⡷⣦⠄                            ││Layout: -                 │
│                                                      Hello Bob                           ││Render: -                 │
│                                     │               │                                    ││Cache: 0/0                │
│                                                                                          ││Last: MISS                │
│                                     │               │                                    ││                          │
│                             ⠴⣮⡧⠤⠤⠤⠤⠤⠤Hi Alice⠤⠤⠤⠤⠤⠤⠤⠤⠤⠤⠤⠤⠤⠤⠤⠄                            ││                          │
│                               ⠁     │               │                                    ││                          │
│                                                                                          ││                          │
│                                     │               │                                    ││                          │
│                                                           ⡀                              ││                          │
│                             ⠒⠒⠒⠒⠒⠒⠒⠒│⠒⠒⠒⠒⠒⠒⠒⠒⠒⠒⠒⠒⠒⠒⠒│How are you?                        ││                          │
│                                                                                          ││                          │
│                                     │               │                                    ││                          │
│                                                                                          ││                          │
│                              ⢀⡀     │               │                                    ││                          │
│                             ⠚⠷⡗⠒⠒⠒⠒⠒⠒Great!⠒⠒⠒⠒⠒⠒⠒⠒⠒⠒⠒⠒⠒⠒⠒⠒⠒⠂                            ││                          │
│                                     │               │                                    ││                          │
│                                                                                          ││                          │
│                                     │               │                                    ││                          │
│                                                                                          ││                          │
│                                     │               │                                    ││                          │
└──────────────────────────────────────────────────────────────────────────────────────────┘└──────────────────────────┘
NORMAL  j/k:sample u/U:nodes x/X:density t:tier p:palette H/J/K/L:pan []/{}:size o:reset /:filter Ctrl+U:clear ?:help   
                                                                                                                        