┌ Flow Basic [default] ────────────────────────────────────────────────────────────────────────────────────────────────┐
│                                                                                                                      │
│                                             ⣿⣿⣿⣿⣿⣿⣿⣿⣿⣿⣿⣿⣿⣿⣿⣿⣿⣿⣿⣿⣿⣿⣿⣿⣿⣿⣿⣿                                             │
│                                             ⣿⣿⣿⣿⣿⣿⣿⣿   Start    ⣿⣿⣿⣿⣿⣿⣿⣿                                             │
│                                             ⣿⣿⣿⣿⣿⣿⣿⣿            ⣿⣿⣿⣿⣿⣿⣿⣿                                             │
│                                             ⣿⣿⣿⣿⣿⣿⣿⣿⣿⣿⣿⣿⣿⣿⣿⣿⣿⣿⣿⣿⣿⣿⣿⣿⣿⣿⣿⣿                                             │
│                                             ⠉⠉⠉⠉⠉⠉⠉⠉⠉⠉⠉⠉⠉⠉⡏⠉⠉⠉⠉⠉⠉⠉⠉⠉⠉⠉⠉⠉                                             │
│                                                           ⡇                                                          │
│                                                           ⡇                                                          │
│                                                           ⡇                                                          │
│                                                           ⡇                                                          │
│                                                          ⠹⡿⠁                                                         │
│                                                     ⣀⣀⣤⣴⣶⣾⣿⣶⣶⣤⣄⣀                                                     │
│                                              ⣀⣀⣤⣴⣶⣾⣿  Decision  ⣿⣿⣶⣦⣤⣀⣀                                              │
│                                             ⠉⠛⠛⠿⢿⣿⣿⣿            ⣿⣿⣿⡿⠿⠛⠛⠉                                             │
│                                                   ⠈⠉⠛⠛⠿⢿⣿⣿⣿⣿⣿⠿⠟⠛⠉⠉                                                   │
│                                                         ⣀⠬⠫⢄⡀                                                        │
│                                                      ⡠⠔⠊    ⠈⠒⠤⡀                                                     │
│                                                  ⢀⡠⠒⠉          ⠈⠑⠢⣀                                                  │
│                                               ⣀⠔⠊⠁                 ⠉⠒⢄⡀                                              │
│                                         ⢀ ⢀⡠⠔⠉                        ⠈⠑⠤⣀ ⢀                                         │
│                          ⢀⣀⣀⣀⣀⣀⣀⣀⣀⣀⣀⣀⣀⣀⣀⣾⣖⣁⣀⣀⣀⣀⣀⣀⣀⣀⣀⣀⣀        ⢀⣀⣀⣀⣀⣀⣀⣀⣀⣀⣀⣀⣑⣾⣆⣀⣀⣀⣀⣀⣀⣀⣀⣀⣀⣀⣀⣀⡀                          │
│                          ⢸⣿⣿⣿⣿⣿⣿⣿⣿⣿⣿⣿⣿⣿⣿⣿⣿⣿⣿⣿⣿⣿⣿⣿⣿Yes⣿        ⢸⣿⣿⣿⣿⣿No⣿⣿⣿⣿⣿⣿⣿⣿⣿⣿⣿⣿⣿⣿⣿⣿⣿⣿⣿⣿⡇                          │
│                          ⢸⣿⣿⣿⣿⣿⣿⣿⣿⣿⣿⣿⣿⣿⣿⣿⣿⣿     OK              Error    ⣿⣿⣿⣿⣿⣿⣿⣿⣿⣿⣿⣿⣿⣿⣿⣿⣿⡇                          │
│                          ⢸⣿⣿⣿⣿⣿⣿⣿⣿⣿⣿⣿⣿⣿⣿⣿⣿⣿                              ⣿⣿⣿⣿⣿⣿⣿⣿⣿⣿⣿⣿⣿⣿⣿⣿⣿⡇                          │
│                          ⢸⣿⣿⣿⣿⣿⣿⣿⣿⣿⣿⣿⣿⣿⣿⣿⣿⣿⣿⣿⣿⣿⣿⣿⣿⣿⣿⣿⣿        ⢸⣿⣿⣿⣿⣿⣿⣿⣿⣿⣿⣿⣿⣿⣿⣿⣿⣿⣿⣿⣿⣿⣿⣿⣿⣿⣿⣿⡇                          │
│                                        ⠈⠒⠤⡀                               ⡠⠔⠊                                        │
│                                           ⠈⠑⠤⣀                        ⢀⡠⠔⠉                                           │
│                                               ⠑⠢⣀                  ⢀⡠⠒⠁                                              │
│                                                  ⠉⠢⢄            ⢀⠤⠊⠁                                                 │
│                                                     ⠉⠒⢄⡀ ⡀ ⡀ ⣀⠔⠊⠁                                                    │
│                                             ⣀⣀⣀⣀⣀⣀⣀⣀⣀⣀⣀⣈⣲⣷⣰⣷⣊⣀⣀⣀⣀⣀⣀⣀⣀⣀⣀⣀                                             │
│                                             ⣿⣿⣿⣿⣿⣿⣿⣿⣿⣿⣿⣿⣿⣿⣿⣿⣿⣿⣿⣿⣿⣿⣿⣿⣿⣿⣿⣿                                             │
│                                             ⣿⣿⣿⣿⣿⣿⣿⣿    End     ⣿⣿⣿⣿⣿⣿⣿⣿                                             │
│                                             ⣿⣿⣿⣿⣿⣿⣿⣿            ⣿⣿⣿⣿⣿⣿⣿⣿                                             │
│                                             ⣿⣿⣿⣿⣿⣿⣿⣿⣿⣿⣿⣿⣿⣿⣿⣿⣿⣿⣿⣿⣿⣿⣿⣿⣿⣿⣿⣿                                             │
│                                                                                                                      │
└──────────────────────────────────────────────────────────────────────────────────────────────────────────────────────┘
NORMAL  j/k:sample u/U:nodes x/X:density t:tier p:palette H/J/K/L:pan []/{}:size o:reset /:filter Ctrl+U:clear ?:help   
                                                                                                                        