┌──────────────────────────────────────────────────────────────────────────────────────────────────────────────────────┐
│ Tier:auto Glyph:unicode Render:braille Wrap:wordchar Layout:auto Palette:default Zoom:100% VP:auto Gen:n24 b2 d25% l6│
│                                                                                                                      │
│                                                                                                                      │
│                                                                                                                      │
└──────────────────────────────────────────────────────────────────────────────────────────────────────────────────────┘
┌ Flow Nested Subgraphs [default] ─────────────────────────────────────────────────────────┐┌ Metrics ─────────────────┐
│                                                                                          ││                          │
│                                                                                          ││Mode: normal              │
│                                     ⣤⣤⣤⣤⣤⣤⣤⣤⣤⣤⣤⣤⣤⣤⣤⣤                                     ││Sample: Flow Nested Subgra│
│                                     ⣿⣿⣿⣿⣿⣿⣿⣿⣿⣿⣿⣿⣿⣿⣿⣿                                     ││Palette: default          │
│                                     ⣿⣿⣿⣿⣿⣿⣿⣿⣿⣿⣿⣿⣿⣿⣿⣿                                     ││Node: -                   │
│                                             ⡇                                            ││Epoch: a4/l4/r4           │
│                                             ⡇                                            ││VP: auto                  │
│                                            ⢲⣷⠂                                           ││                          │
│                                     ⣶⣶⣶⣶⣶⣶⣶⣶⣷⣶⣶⣶⣶⣶⣶⣶                                     ││Parse: -                  │
│                                     ⣿⣿⣿⣿⣿Gatew…⣿⣿⣿⣿⣿                                     ││Layout: -                 │
│                                     ⠛⠛⠛⠛⠛⠛⠛⠛⡟⠛⠛⠛⠛⠛⠛⠛                                     ││Render: -                 │
│                                             ⡇                                            ││Cache: 0/0                │
│                                            ⣀⣇⡀                                           ││Last: MISS                │
│                                     ⣀⣀⣀⣀⣀⣀⣀⣘⣟⣀⣀⣀⣀⣀⣀⣀                                     ││                          │
│                                     ⣿⣿⣿⣿⣿⣿⣿⣿⣿⣿⣿⣿⣿⣿⣿⣿                                     ││                          │
│                                     ⣿⣿⣿⣿⣿⣿⣿⣿⣿⣿⣿⣿⣿⣿⣿⣿                                     ││                          │
│                                     ⠉⠉⠉⠉⠉⠉⠉⠉⡏⠉⠉⠉⠉⠉⠉⠉                                     ││                          │
│                                             ⡇                                            ││                          │
│                                            ⢤⣧⠄                                           ││                          │
│                                     ⣤⣤⣤⣤⣤⣤⣤⣬⣯⣤⣤⣤⣤⣤⣤⣤                                     ││                          │
│                                     ⣿⣿⣿⣿⣿Cache ⣿⣿⣿⣿⣿                                     ││                          │
│                                     ⠿⠿⠿⠿⠿⠿⠿⠿⡿⠿⠿⠿⠿⠿⠿⠿                                     ││                          │
│                                             ⡇                                            ││                          │
│                                             ⡇                                            ││                          │
│                                            ⠹⡿⠁                                           ││                          │
│                                     ⣿⣿⣿⣿⣿⣿⣿⣿⣿⣿⣿⣿⣿⣿⣿⣿                                     ││                          │
│                                     ⣿⣿⣿⣿⣿⣿⣿⣿⣿⣿⣿⣿⣿⣿⣿⣿                                     ││                          │
│                                     ⠛⠛⠛⠛⠛⠛⠛⠛⠛⠛⠛⠛⠛⠛⠛⠛                                     ││                          │
│                                                                                          ││                          │
│                                                                                          ││                          │
└──────────────────────────────────────────────────────────────────────────────────────────┘└──────────────────────────┘
NORMAL  j/k:sample u/U:nodes x/X:density t:tier p:palette H/J/K/L:pan []/{}:size o:reset /:filter Ctrl+U:clear ?:help   
                                                                                                                        