┌──────────────────────────────────────────────────────────────────────────────────────────────────────────────────────┐
│ Tier:auto Glyph:unicode Render:braille Wrap:wordchar Layout:auto Palette:default Zoom:100% VP:auto Gen:n24 b2 d25% l6│
│                                                                                                                      │
│                                                                                                                      │
│                                                                                                                      │
└──────────────────────────────────────────────────────────────────────────────────────────────────────────────────────┘
┌ Flow RL Labels [default] ────────────────────────────────────────────────────────────────┐┌ Metrics ─────────────────┐
│                                                                                          ││                          │
│                                                                                          ││Mode: normal              │
│                                                                                          ││Sample: Flow RL Labels    │
│                                                                                          ││Palette: default          │
│                                                                                          ││Node: -                   │
│                                                                                          ││Epoch: a3/l3/r3           │
│                                                                                          ││VP: auto                  │
│                                                                                          ││                          │
│                                                                                          ││Parse: -                  │
│                                                                                          ││Layout: -                 │
│                                                                                          ││Render: -                 │
│                                                                                          ││Cache: 0/0                │
│                                                                                          ││Last: MISS                │
│                                                                                          ││                          │
│ ⣿   Input   ⡇⢀⣠    ⣿  Reject  ⣿⡇⢀⣠   ⢸⣿ Validate ⣿⡇⢀⣠   ⢸⣿ Transform ⣿⡇⢀⣠  ⢸  Output   ⣿ ││                          │
│ ⣿           ⡏⠙retry⣿          ⣿⡏error⢹⣿          ⣿⡏data⠉⢹⣿           ⣿⡏resul           ⣿ ││                          │
│                                                                                          ││                          │
│                                                                                          ││                          │
│                                                                                          ││                          │
│                                                                                          ││                          │
│                                                                                          ││                          │
│                                                                                          ││                          │
│                                                                                          ││                          │
│                                                                                          ││                          │
│                                                                                          ││                          │
│                                                                                          ││                          │
│                                                                                          ││                          │
│                                                                                          ││                          │
│                                                                                          ││                          │
│                                                                                          ││                          │
└──────────────────────────────────────────────────────────────────────────────────────────┘└──────────────────────────┘
NORMAL  j/k:sample u/U:nodes x/X:density t:tier p:palette H/J/K/L:pan []/{}:size o:reset /:filter Ctrl+U:clear ?:help   
                                                                                                                        