┌──────────────────────────────────────────────────────────────────────────────────────────────────────────────────────┐
│ Tier:auto Glyph:unicode Render:braille Wrap:wordchar Layout:auto Dir:auto Palette:default Zoom:100% VP:auto Gen:n24 b│
│                                                                                                                      │
│                                                                                                                      │
│                                                                                                                      │
└──────────────────────────────────────────────────────────────────────────────────────────────────────────────────────┘
┌ Architecture Beta Basic [default] ───────────────────────────────────────────────────────┐┌ Metrics ─────────────────┐
│                                                                                          ││                          │
│                               ┌──────────────────────────┐                               ││Mode: normal              │
│                               │                          │                               ││Sample: Architecture Beta │
│                               │ cloud Edge               │                               ││Palette: default          │
│                        ⣤⣤⣤⣤⣤⣤⣤│⣤⣤⣤⣤⣤⣤⣤⣤⣤⣤⣤⣤⣤⣤⣤⣤⣤⣤⣤⣤⣤⣤⣤⣤⣤⣤│⣤⣤⣤⣤⣤⣤⣤                        ││Node: -                   │
│                        ⣿⣿⣿⣿⣿⣿⣿│⣿⣿⣿⣿⣿⣿⣿⣿⣿⣿⣿⣿⣿⣿⣿⣿⣿⣿⣿⣿⣿⣿⣿⣿⣿⣿│⣿⣿⣿⣿⣿⣿⣿                        ││Epoch: a34/l34/r34        │
│                        ⣿⣿⣿⣿⣿⣿⣿│⣿⣿⣿⣿                   ⣿⣿⣿│⣿⣿⣿⣿⣿⣿⣿                        ││VP: auto                  │
│                        ⣿⣿⣿⣿⣿⣿⣿│⣿⣿⣿⣿    server API     ⣿⣿⣿│⣿⣿⣿⣿⣿⣿⣿⠂                       ││                          │
│                        ⣿⣿⣿⣿⣿⣿⣿│⣿⣿⣿⣿                   ⣿⣿⣿│⣿⣿⣿⣿⣿⣿⣿                        ││Parse: -                  │
│                        ⠿⠿⠿⠿⠿⠿┌────────────────────────────┐⠿⠿⠿⠿⠿⠿                        ││Layout: -                 │
│                              ││               ⢀⣀⠤⠒⠊⠁     ││                              ││Render: -                 │
│                              ││server Core⡠⠤⠒⠊⠁          ││                              ││                          │
│                          ⣤⣤⣤⣤│└──────────────────────────┘│⣤⣤⣤⣤⡄                         ││                          │
│                          ⣿⣿⣿⣿│⣿⣿⣿⣿⣿                  ⣿⣿⣿⣿⣿│⣿⣿⣿⣿⡇                         ││Cache: 0/0                │
│                          ⣿⣿⣿⣿│⣿⣿⣿⣿⣿    lock Auth     ⣿⣿⣿⣿⣿│⣿⣿⣿⣿⡇                         ││Last: MISS                │
│                          ⣿⣿⣿⣿│⣿⣿⣿⣿⣿                  ⣿⣿⣿⣿⣿│⣿⣿⣿⣿⡏                         ││                          │
│                          ⣿⣿⣿⣿│⣿⣿⣿⣿⣿                  ⣿⣿⣿⣿⣿│⣿⣿⣿⣿⡇                         ││                          │
│                          ⠿⠿⠿⠿│⠿⠿⠿⠿⠿⠿⠿⠿⠿⠿⠿⠿⠿⠿⠿⠿⠿⠿⢿⣿⠿⠿⠿⠿⠿⠿⠿⠿│⠿⠿⠿⠿⠇                         ││                          │
│                              │             ⢀⡠⠤⠒⠊⠁         │                              ││                          │
│                              │        ⣀⡠⠤⠒⠉⠁              │                              ││                          │
│                      ⢰⣶⣶⣶⣶⣶⣶⣶│⣶⣶⣶⣶⣶⣶⣶⣿⣶⣶⣶⣶⣶⣶⣶⣶⣶⣶⣶⣶⣶⣶⣶⣶⣶⣶⣶⣶│⣶⣶⣶⣶⣶⣶⣶⣶                      ││                          │
│                      ⢸⣿⣿⣿⣿⣿⣿⣿│⣿⣿⣿⣿                    ⣿⣿⣿⣿│⣿⣿⣿⣿⣿⣿⣿⣿                      ││                          │
│                      ⢸⣿⣿⣿⣿⣿⣿⣿│⣿⣿⣿⣿    database DB     ⣿⣿⣿⣿│⣿⣿⣿⣿⣿⣿⣿⣿                      ││                          │
│                      ⢸⣿⣿⣿⣿⣿⣿⣿│⣿⣿⣿⣿                    ⣿⣿⣿⣿│⣿⣿⣿⣿⣿⣿⣿⣿                      ││                          │
│                      ⢸⣿⣿⣿⣿⣿⣿⣿│⣿⣿⣿⣿                    ⣿⣿⣿⣿│⣿⣿⣿⣿⣿⣿⣿⣿                      ││                          │
│                      ⠘⠛⠛⠛⠛⠛⠛⠛│⠛⠛⠛⠛⠛⠛⠛⠛⠛⠛⠛⠛⠛⠛⠛⠛⠛⠛⠛⠛⠛⠛⠛⠛⠛⠛⠛⠛│⠛⠛⠛⠛⠛⠛⠛⠛                      ││                          │
│                              │                            │                              ││                          │
│                              │                            │                              ││                          │
│                              └────────────────────────────┘                              ││                          │
│                                                                                          ││                          │
└──────────────────────────────────────────────────────────────────────────────────────────┘└──────────────────────────┘
NORMAL  j/k:sample u/U:nodes x/X:density t:tier p:palette H/J/K/L:pan []/{}:size o:reset /:filter Ctrl+U:clear ?:help   
                                                                                                                        