┌──────────────────────────────────────────────────────────────────────────────┐
│ Tier:auto Glyph:unicode Render:braille Wrap:wordchar Layout:auto Dir:auto Pal│
│                                                                              │
│                                                                              │
│                                                                              │
└──────────────────────────────────────────────────────────────────────────────┘
┌ Architecture Beta Basic [default] ───────────────────────────────────────────┐
│                                                                              │
│                                                                              │
│                              ⣤⣤⣤⣤⣤⣤⣤⣤⣤⣤⣤⣤⣤⣤⣤⣤⣤⣤                              │
│                              ⣿⣿⣿⣿⣿⣿⣿⣿⣿⣿⣿⣿⣿⣿⣿⣿⣿⣿⡀                             │
│                              ⠿⠿⠿⠿⠿⠿⠿⠿⠿⠿⠿⠿⢿⡿⠿⠿⠿⠿                              │
│                                     ⣀⡠⠤⠒⠉⠁                                   │
│                               ⣿⣿⣿⣿⣿⣿⣿⣿⣿⣿⣿⣿⣿⣿⣿⣿⡇                              │
│                               ⣿⣿⣿⣿⣿⣿⣿⣿⣿⣿⣿⣿⣿⣿⣿⣿⡏                              │
│                               ⠉⠉⠉⠉⠉⠉⠉⣉⡩⠝⠛⠉⠉⠉⠉⠉⠁                              │
│                             ⢰⣶⣶⣶⣶⣶⣶⣶⣿⣶⣶⣶⣶⣶⣶⣶⣶⣶⣶⣶                             │
│                             ⢸⣿⣿⣿⣿⣿databas…⣿⣿⣿⣿⣿⣿                             │
│                             ⠘⠛⠛⠛⠛⠛⠛⠛⠛⠛⠛⠛⠛⠛⠛⠛⠛⠛⠛⠛                             │
│                                                                              │
│                                                                              │
└──────────────────────────────────────────────────────────────────────────────┘
NORMAL  j/k:sample u/U:nodes x/X:density t:tier p:palette H/J/K/L:pan []/{}:size
                                                                                