┌──────────────────────────────────────────────────────────────────────────────────────────────────────────────────────┐
│ Tier:auto Glyph:unicode Render:braille Wrap:wordchar Layout:auto Dir:auto Palette:default Zoom:100% VP:auto Gen:n24 b│
│                                                                                                                      │
│                                                                                                                      │
│                                                                                                                      │
└──────────────────────────────────────────────────────────────────────────────────────────────────────────────────────┘
┌ Architecture Beta Stress [default] ──────────────────────────────────────────────────────┐┌ Metrics ─────────────────┐
│                                                                                          ││                          │
│                                  ┌────────────────────┐                                  ││Mode: normal              │
│                                  │cloud Edge          │                                  ││Sample: Architecture Beta │
│                           ⣶⣶⣶⣶⣶⣶⣶│⣶⣶⣶⣶⣶⣶⣶⣶⣶⣶⣶⣶⣶⣶⣶⣶⣶⣶⣶⣶│⣶⣶⣶⣶⣶⣶⣶                           ││Palette: default          │
│                           ⣿⣿⣿⣿⣿⣿⣿│⣿⣿ server Gateway ⣿⣿│⣿⣿⣿⣿⣿⣿⣿                           ││Node: -                   │
│                           ⣿⣿⣿⣿⣿⣿⣿│⣿⣿                ⣿⣿│⣿⣿⣿⣿⣿⣿⣿⠁                          ││Epoch: a35/l35/r35        │
│                           ⠛⠛⠛⠛⠛⠛⠛│⠛┌────────────────┐⠟│⠛⠛⠛⠛⠛⠛⠛                           ││VP: auto                  │
│                                  │ │server Core⠔⠒⠉⠁ │ │                                  ││                          │
│                               ⢰⣶⣶└─│────────────────│─┘⣶⣶⡆                               ││Parse: -                  │
│                               ⢸⣿⣿⣿⣿│⣿⣿ server API ⣿⣿│⣿⣿⣿⣿⡇                               ││Layout: -                 │
│                               ⢸⣿⣿⣿⣿│⣿⣿            ⣿⣿│⣿⣿⣿⣿⡏                               ││Render: -                 │
│                               ⠸⠿⠿⠿⠿│⠿⠿⠿⠿⠿⠿⠿⠿⠿⠿⠿⠿⣿⡿⠿⠿│⠿⠿⠿⠿⠇                               ││                          │
│                                    │       ⣀⠤⠔⠊⠉    │                                    ││                          │
│                                ⢰⣶⣶⣶│⣶⣶⣶⣶⣶⣾⣿⣶⣶⣶⣶⣶⣶⣶⣶⣶│⣶⣶⣶⡆                                ││Cache: 0/0                │
│                                ⢸⣿⣿⣿│⣿⣿⣿lock Auth ⣿⣿⣿│⣿⣿⣿⡇                                ││Last: MISS                │
│                                ⢸⣿⣿⣿│⣿⣿⣿          ⣿⣿⣿│⣿⣿⣿⡏                                ││                          │
│                                ⠸⠿┌────────────────────┐⠿⠇                                ││                          │
│                                  │database Data     │ │                                  ││                          │
│                           ⣶⣶⣶⣶⣶⣶⣶│⣶└────────────────┘⣶│⣶⣶⣶⣶⣶⣶⣶                           ││                          │
│                           ⣿⣿⣿⣿⣿⣿⣿│⣿⣿ database Cache ⣿⣿│⣿⣿⣿⣿⣿⣿⣿                           ││                          │
│                           ⣿⣿⣿⣿⣿⣿⣿│⣿⣿                ⣿⣿│⣿⣿⣿⣿⣿⣿⣿⠁                          ││                          │
│                           ⠿⠿⠿⠿⠿⠿⠿│⠿⠿⠿⠿⠿⠿⠿⠿⠿⠿⠿⠿⠿⠿⠿⠿⣿⡿⠿⠿│⠿⠿⠿⠿⠿⠿⠿                           ││                          │
│                                  │         ⢀⣀⠤⠤⠒⠊⠉    │                                  ││                          │
│                              ⢠⣤⣤⣤│⣤⣤⣤⣤⣤⣤⣴⣶⣭⣥⣤⣤⣤⣤⣤⣤⣤⣤⣤⣤│⣤⣤⣤⡄                              ││                          │
│                              ⢸⣿⣿⣿│⣿⣿⣿⣿database DB ⣿⣿⣿⣿│⣿⣿⣿⡇                              ││                          │
│                              ⢸⣿⣿⣿│⣿⣿⣿⣿            ⣿⣿⣿⣿│⣿⣿⣿⡇                              ││                          │
│                              ⠸⠿⠿⠿│⠿⠿⠿⠿⠿⠿⠿⠿⠿⠿⠿⠿⠿⠿⠿⠿⠿⠿⠿⠿│⠿⠿⠿⠇                              ││                          │
│                                  │                    │                                  ││                          │
│                                  └────────────────────┘                                  ││                          │
│                                                                                          ││                          │
└──────────────────────────────────────────────────────────────────────────────────────────┘└──────────────────────────┘
NORMAL  j/k:sample u/U:nodes x/X:density t:tier p:palette H/J/K/L:pan []/{}:size o:reset /:filter Ctrl+U:clear ?:help   
                                                                                                                        