┌──────────────────────────────────────────────────────────────────────────────────────────────────────────────────────┐
│ Tier:auto Glyph:unicode Render:braille Wrap:wordchar Layout:auto Palette:default Zoom:100% VP:88x26 Gen:n24 b2 d25% l│
│                                                                                                                      │
│                                                                                                                      │
│                                                                                                                      │
└──────────────────────────────────────────────────────────────────────────────────────────────────────────────────────┘
┌ Flow Basic [default] ────────────────────────────────────────────────────────────────────┐┌ Metrics ─────────────────┐
│                                                                                          ││                          │
│                                                                                          ││Mode: normal              │
│                                                                                          ││Sample: Flow Basic        │
│                                   ⣿⣿⣿⣿⣿⣿⣿⣿⣿⣿⣿⣿⣿⣿⣿⣿⣿⣿⣿⣿                                   ││Palette: default          │
│                                   ⣿⣿⣿⣿⣿⣿ Start  ⣿⣿⣿⣿⣿⣿                                   ││Node: -                   │
│                                   ⣿⣿⣿⣿⣿⣿⣿⣿⣿⣿⣿⣿⣿⣿⣿⣿⣿⣿⣿⣿                                   ││Epoch: a0/l0/r3           │
│                                             ⡇                                            ││VP: 88x26 (override)      │
│                                             ⡇                                            ││                          │
│                                             ⡇                                            ││Parse: -                  │
│                                            ⠹⡿⠁                                           ││Layout: -                 │
│                                       ⢀⣀⣤⣴⣶⣾⣿⣶⣦⣤⣀⣀                                       ││Render: -                 │
│                                   ⠤⢶⣾⣿⣿⣿Decision⣿⣿⣿⣷⣶⠤                                   ││Cache: 0/0                │
│                                      ⠈⠉⠙⠛⠻⠿⢿⣿⠿⠿⠛⠛⠉⠉                                      ││Last: MISS                │
│                                          ⢀⠤⠒⠑⠢⢄                                          ││                          │
│                                       ⣀⠤⠊⠁     ⠉⠢⢄⡀                                      ││                          │
│                                    ⡠⠔⠊            ⠈⠒⠤⡀                                   ││                          │
│                                ⢠⣧⠔⠉                  ⠈⠑⢤⣧                                ││                          │
│                      ⣿⣿⣿⣿⣿⣿⣿⣿⣿⣿⣿⣿⣿⣿⣿⣿⣿⣿Yes     ⣿⣿⣿⣿⣿No⣿⣿⣿⣿⣿⣿⣿⣿⣿⣿⣿⣿⣿                      ││                          │
│                      ⣿⣿⣿⣿⣿⣿⣿⣿⣿⣿⣿⣿⣿   OK         Error  ⣿⣿⣿⣿⣿⣿⣿⣿⣿⣿⣿⣿                      ││                          │
│                      ⣿⣿⣿⣿⣿⣿⣿⣿⣿⣿⣿⣿⣿⣿⣿⣿⣿⣿⣿⣿      ⣿⣿⣿⣿⣿⣿⣿⣿⣿⣿⣿⣿⣿⣿⣿⣿⣿⣿⣿⣿                      ││                          │
│                                ⠑⠢⢄                    ⢀⠤⠒⠁                               ││                          │
│                                   ⠉⠢⢄⡀             ⣀⠤⠊⠁                                  ││                          │
│                                      ⠈⠒⠤⡀       ⡠⠔⠊                                      ││                          │
│                                         ⠈⠑⢤⣧⢠⣧⠔⠉                                         ││                          │
│                                   ⣿⣿⣿⣿⣿⣿⣿⣿⣿⣿⣿⣿⣿⣿⣿⣿⣿⣿⣿⣿                                   ││                          │
│                                   ⣿⣿⣿⣿⣿⣿  End   ⣿⣿⣿⣿⣿⣿                                   ││                          │
│                                   ⣿⣿⣿⣿⣿⣿⣿⣿⣿⣿⣿⣿⣿⣿⣿⣿⣿⣿⣿⣿                                   ││                          │
│                                                                                          ││                          │
│                                                                                          ││                          │
│                                                                                          ││                          │
└──────────────────────────────────────────────────────────────────────────────────────────┘└──────────────────────────┘
NORMAL  j/k:sample u/U:nodes x/X:density t:tier p:palette H/J/K/L:pan []/{}:size o:reset /:filter Ctrl+U:clear ?:help   
                                                                                                                        