┌──────────────────────────────────────────────────────────────────────────────────────────────────────────────────────┐
│ Tier:auto Glyph:unicode Render:braille Wrap:wordchar Layout:auto Palette:default Zoom:100% VP:auto Gen:n24 b2 d25% l6│
│                                                                                                                      │
│                                                                                                                      │
│                                                                                                                      │
└──────────────────────────────────────────────────────────────────────────────────────────────────────────────────────┘
┌ Class [default] ─────────────────────────────────────────────────────────────────────────┐┌ Metrics ─────────────────┐
│                                                                                          ││                          │
│                                                                                          ││Mode: normal              │
│                                                                                          ││Sample: Class             │
│                                                                                          ││Palette: default          │
│                                                                                          ││Node: -                   │
│                                                                                          ││Epoch: a8/l8/r8           │
│                                                                                          ││VP: auto                  │
│                                                                                          ││                          │
│                                                                                          ││Parse: -                  │
│                                                            Animal                        ││Layout: -                 │
│                                                                                          ││Render: -                 │
│ ⣤⣤⣤⣤⣤⣤⣤⣤⣤⣤⣤⣤⣤⣤    ⢀⣤⣤⣤⣤⣤⣤⣤⣤⣤⣤⣤⣤⣤⡀    ⣠⣤⣤⣤⣤⣤⣤⣤⣤⣤⣤⣤⣤⣄    ⢠⣤⣤⣤⣤⣤⣤⣤⣤⣤⣤⣤⣤⣤⡄    ⣤⣤⣤⣤⣤⣤⣤⣤⣤⣤⣤⣤⣤⣤ ││Cache: 0/0                │
│ ⣿⣿⣿⣿⣿⣿⣿⣿⣿⣿⣿⣿⣿⣿    ⢸⣿⣿⣿⣿⣿⣿⣿⣿⣿⣿⣿⣿⣿⡇    ⣿⣿⣿⣿⣿⣿⣿⣿⣿⣿⣿⣿⣿⣿    ⢸⣿⣿⣿⣿⣿⣿⣿⣿⣿⣿⣿⣿⣿⡇    ⣿⣿⣿⣿⣿⣿⣿⣿⣿⣿⣿⣿⣿⣿ ││Last: MISS                │
│ ⠛⠛⠛⠛⠛⠛⠛⠛⠛⠛⠛⠛⠛⠛    ⠈⠛⠛⠛⠛⠛⠛⠛⠛⠛⠛⠛⠛⠛⠁    ⠙⠛⠛⠛⠛⠛⠛⠛⠛⠛⠛⠛⠛⠋    ⠘⠛⠛⠛⠛⠛⠛⢻⠛⠛⠛⠛⠛⠛⠃    ⠛⠛⠛⠛⠛⠛⠛⠛⠛⠛⠛⠛⠛⠛ ││                          │
│                                                               ⢸                          ││                          │
│                                                               ⢸                          ││                          │
│                                                        ⢠⣤⣤⣤⣤⣤⣤⣼⣤⣤⣤⣤⣤⣤⡄                   ││                          │
│                                                        ⢸⣿⣿⣿⣿⣿⣿⣿⣿⣿⣿⣿⣿⣿⡇                   ││                          │
│                                                        ⠘⠛⠛⠛⠛⠛⠛⠛⠛⠛⠛⠛⠛⠛⠃                   ││                          │
│                                                              Dog                         ││                          │
│                                                                                          ││                          │
│                                                                                          ││                          │
│                                                                                          ││                          │
│                                                                                          ││                          │
│                                                                                          ││                          │
│                                                                                          ││                          │
│                                                                                          ││                          │
│                                                                                          ││                          │
│                                                                                          ││                          │
│                                                                                          ││                          │
└──────────────────────────────────────────────────────────────────────────────────────────┘└──────────────────────────┘
NORMAL  j/k:sample u/U:nodes x/X:density t:tier p:palette H/J/K/L:pan []/{}:size o:reset /:filter Ctrl+U:clear ?:help   
                                                                                                                        