PERFORMANCE CHALLENGE MODE — DEGRADATION TIERS                                  
╭──────Real-Time Metrics───────╮╭Tick Intervals (µs╮╭──────Render Budget───────╮
│  Sim FPS:        60.0 (Full F││                  ││  Budget: 16.67ms (60fps t│
│  Obs FPS:         0.0        ││                  ││  Observed: 0.00ms avg    │
│  Tick Rate:       0.0 tps    ││                  ││  Simulated: 16.67ms (+0.0│
│                              ││                  ││  Usage:  100%            │
│  Latency (ms)                ││                  ││                          │
│  avg:      0.00              ││                  ││  Budget Bar              │
│  p50:      0.00              ││                  ││  ███████████|░░░░░░░░░░  │
│  p95:      0.00              ││                  ││                          │
│  p99:      0.00              ││                  ││  Stress Harness          │
│  min:      0.00              ││                  ││  Mode: Off  | Load   0% |│
│  max:      0.00              ││                  ││  Decision: stable        │
│                              ││                  ││  Last change: --         │
│  Counters                    ││                  ││                          │
│  Views:             1        ││                  ││                          │
│  Ticks:             0        ││                  ││  Degradation Tier        │
│  Samples:           0        ││                  ││  ████ Full Fidelity      │
│  V/Tick:         0.00        ││                  ││                          │
│                              ││                  ││  Thresholds              │
│  Stress Harness              ││                  ││  ◆ Full     ≥50fps       │
│  Mode: Off  | Load   0% (+0.0││                  ││  ◇ Reduced  20–49fps     │
╰──────────────────────────────╯╰──────────────────╯╰──────────────────────────╯
s:stress(Off) | c:cool | r:reset | p:pause | m:mode(intervals) | 1-4:tier(Full) 