┏━━━━━━━━━━━━━━━━━━━━━━━Complete Works of William Shakespeare━━━━━━━━━━━━━━━━━━━━━━━━┓╭────────────Contents────────────╮
┃     6 of the Project Gutenberg License included with this ebook or online         █┃│Complete Works                  │
┃     7 at www.gutenberg.org. If you are not located in the United States,          │┃│├── THE SONNETS                 │
┃     8 you will have to check the laws of the country where you are located        │┃│├── THE SONNETS                 │
┃     9 before using this eBook.                                                    │┃│├── ALL’S WELL THAT ENDS WELL   │
┃    10                                                                             │┃│├── KING OF FRANCE.             │
┃    11 Title: The Complete Works of William Shakespeare                            │┃│├── COUNTESS.                   │
┃    12                                                                             │┃│├── COUNTESS.                   │
┃    13 Author: William Shakespeare                                                 │┃│├── COUNTESS.                   │
┃    14                                                                             │┃│├── COUNTESS.                   │
┃    15 Release date: January 1, 1994 [eBook #100]                                  │┃│├── COUNTESS.                   │
┃    16                 Most recently updated: August 24, 2025                      │┃│├── COUNTESS.                   │
┃    17                                                                             │┃│├── COUNTESS.                   │
┃    18 Language: English                                                           │┃│├── COUNTESS.                   │
┃    19                                                                             │┃│├── COUNTESS.                   │
┃    20                                                                             │┃│├── PAROLLES.                   │
┃    21                                                                             │┃│├── PAROLLES.                   │
┃    22 *** START OF THE PROJECT GUTENBERG EBOOK THE COMPLETE WORKS OF WILLIAM SHAKE│┃│├── PAROLLES.                   │
┃    23                                                                             │┃│├── PAROLLES.                   │
┃    24                                                                             │┃│├── PAROLLES.                   │
┃    25                                                                             │┃│├── PAROLLES.                   │
┃    26                                                                             │┃│├── PAROLLES.                   │
┃    27 The Complete Works of William Shakespeare                                   │┃│├── PAROLLES.                   │
┃    28                                                                             │┃│├── PAROLLES.                   │
┃    29 by William Shakespeare                                                      │┃│├── PAROLLES.                   │
┃    30                                                                             │┃│├── PAROLLES.                   │
┃    31                                                                             │┃│├── PAROLLES.                   │
┃    32                                                                             │┃│├── PAROLLES.                   │
┃    33                                                                             │┃│├── PAROLLES.                   │
┃    34                     Contents                                                │┃│├── PAROLLES.                   │
┃    35                                                                             │┃│├── PAROLLES.                   │
┃    36     THE SONNETS                                                             │┃│├── PAROLLES.                   │
┃    37     ALL’S WELL THAT ENDS WELL                                               │┃│├── FIRST LORD.                 │
┃    38     THE TRAGEDY OF ANTONY AND CLEOPATRA                                     │┃│├── FIRST LORD.                 │
┃    39     AS YOU LIKE IT                                                          │┃│├── SECOND LORD.                │
┃    40     THE COMEDY OF ERRORS                                                    │┃│├── FIRST LORD.                 │
┃    41     THE TRAGEDY OF CORIOLANUS                                               │┃│├── SECOND LORD.                │
┃    42     CYMBELINE                                                               │┃│├── COUNTESS.                   │
┗━━━━━━━━━━━━━━━━━━━━━━━━━━━━━━━━━━━━━━━━━━━━━━━━━━━━━━━━━━━━━━━━━━━━━━━━━━━━━━━━━━━━┛╰────────────────────────────────╯
 Line 6/196395 (0%) | Preamble                                                                                          