┏━━━━━━━━━Complete Works of William Shakespeare━━━━━━━━━━┓╭──────Contents──────╮
┃     1 The Project Gutenberg eBook of The Complete Work█┃│Complete Works      │
┃     2                                                 │┃│├── THE SONNETS     │
┃     3 This ebook is for the use of anyone anywhere in │┃│├── THE SONNETS     │
┃     4 most other parts of the world at no cost and wit│┃│├── ALL’S WELL THAT │
┃     5 whatsoever. You may copy it, give it away or re-│┃│├── KING OF FRANCE. │
┃     6 of the Project Gutenberg License included with t│┃│├── COUNTESS.       │
┃     7 at www.gutenberg.org. If you are not located in │┃│├── COUNTESS.       │
┃     8 you will have to check the laws of the country w│┃│├── COUNTESS.       │
┃     9 before using this eBook.                        │┃│├── COUNTESS.       │
┃    10                                                 │┃│├── COUNTESS.       │
┃    11 Title: The Complete Works of William Shakespeare│┃│├── COUNTESS.       │
┃    12                                                 │┃│├── COUNTESS.       │
┃    13 Author: William Shakespeare                     │┃│├── COUNTESS.       │
┃    14                                                 │┃│├── COUNTESS.       │
┃    15 Release date: January 1, 1994 [eBook #100]      │┃│├── PAROLLES.       │
┃    16                 Most recently updated: August 24│┃│├── PAROLLES.       │
┃    17                                                 │┃│├── PAROLLES.       │
┃    18 Language: English                               │┃│├── PAROLLES.       │
┃    19                                                 │┃│├── PAROLLES.       │
┃    20                                                 │┃│├── PAROLLES.       │
┃    21                                                 │┃│├── PAROLLES.       │
┗━━━━━━━━━━━━━━━━━━━━━━━━━━━━━━━━━━━━━━━━━━━━━━━━━━━━━━━━┛╰────────────────────╯
 Line 1/196395 (0%) | Preamble                                                  