┏Complete Works of William S┓╭Contents─╮
┃     1 The Project Gutenbe█┃│Complete │
┃     2                    │┃│├── THE S│
┃     3 This ebook is for t│┃│├── THE S│
┃     4 most other parts of│┃│├── ALL’S│
┃     5 whatsoever. You may│┃│├── KING │
┃     6 of the Project Gute│┃│├── COUNT│
┃     7 at www.gutenberg.or│┃│├── COUNT│
┗━━━━━━━━━━━━━━━━━━━━━━━━━━━┛╰─────────╯
 Line 1/196395 (0%) | Preamble          