╭───────────────────────────Timeline (11/50)───────────────────────────╮╭──────────────────Frame Info──────────────────╮
│██████████████░░░░░░░░░░░░░░░░░░░░░░░░░░░░░░░░░░░░░░░░░░░░░░░░░░░░░░░░││Status: ▶ Playing                             │
╰──────────────────────────────────────────────────────────────────────╯│                                              │
╭────────────────────────────Frame Preview─────────────────────────────╮│Frame: 11/50                                  │
│Frame 11/50                                                           ││Size: 40x15                                   │
│                                                                      ││Changes: 35 cells                             │
│                                                                      ││Memory: 9600 bytes                            │
│                                                                      ││Checksum: 3685c12241486802                    │
│                                                                      ││Render: 200µs                                 │
│          Time Travel Mode                                            ││                                              │
│                                                                      ││Chain hash: dd450fd0e104be5d                  │
│                                                                      ││Markers: 0                                    │
│                                                                      ││Marked: No                                    │
│                                                                      ││                                              │
│                                                                      ││── Controls ──                                │
│                                                                      ││Space: Play/Pause                             │
│                                                                      ││←/→: Step                                     │
│                    █                                                 ││Home/End: First/Last                          │
│━━━━━━━━                                                              ││M: Toggle marker                              │
│                                                                      ││R: Toggle record                              │
│                                                                      ││C: Clear                                      │
│                                                                      ││                                              │
│                                                                      ││                                              │
│                                                                      ││                                              │
│                                                                      ││                                              │
│                                                                      ││                                              │
│                                                                      ││                                              │
│                                                                      ││                                              │
│                                                                      ││                                              │
│                                                                      ││                                              │
│                                                                      ││                                              │
│                                                                      ││                                              │
│                                                                      ││                                              │
│                                                                      ││                                              │
│                                                                      ││                                              │
│                                                                      ││                                              │
│                                                                      ││                                              │
│                                                                      ││                                              │
│                                                                      ││                                              │
╰──────────────────────────────────────────────────────────────────────╯╰──────────────────────────────────────────────╯