╭───────────────Timeline (26/50)───────────────╮╭──────────Frame Info──────────╮
│███████████████████████░░░░░░░░░░░░░░░░░░░░░░░││Status: ⏸ Paused              │
╰──────────────────────────────────────────────╯│                              │
╭────────────────Frame Preview─────────────────╮│Frame: 26/50                  │
│Frame 26/50                                   ││Size: 40x15                   │
│                                              ││Changes: 32 cells             │
│                                              ││Memory: 9600 bytes            │
│                                              ││Checksum: 8cd4c3448a38a1d4    │
│                                              ││Render: 350µs                 │
│                                              ││                              │
│                                              ││Chain hash: 9be612b140524b5d  │
│                                              ││Markers: 0                    │
│     FrankenTUI Demo                          ││Marked: No                    │
│                                              ││                              │
│                                              ││── Controls ──                │
│                                              ││Space: Play/Pause             │
│                                              ││←/→: Step                     │
│          █                                   ││Home/End: First/Last          │
│━━━━━━━━━━━━━━━━━━━━                          ││M: Toggle marker              │
│                                              ││R: Toggle record              │
│                                              ││C: Clear                      │
│                                              ││                              │
│                                              ││                              │
╰──────────────────────────────────────────────╯╰──────────────────────────────╯