╭───────────────────────────────────────────────────Timeline (1/50)────────────────────────────────────────────────────╮╭──────────────────────────────────Frame Info──────────────────────────────────╮
│░░░░░░░░░░░░░░░░░░░░░░░░░░░░░░░░░░░░░░░░░░░░░░░░░░░░░░░░░░░░░░░░░░░░░░░░░░░░░░░░░░░░░░░░░░░░░░░░░░░░░░░░░░░░░░░░░░░░░░││Status: ⏸ Paused                                                              │
╰──────────────────────────────────────────────────────────────────────────────────────────────────────────────────────╯│                                                                              │
╭────────────────────────────────────────────────────Frame Preview─────────────────────────────────────────────────────╮│Frame: 1/50                                                                   │
│Frame 1/50                                                                                                            ││Size: 40x15                                                                   │
│                                                                                                                      ││Changes: 600 cells                                                            │
│                                                                                                                      ││Memory: 9600 bytes                                                            │
│Hello, World!                                                                                                         ││Checksum: f6c767aabb836a16                                                    │
│                                                                                                                      ││Render: 100µs                                                                 │
│                                                                                                                      ││                                                                              │
│                                                                                                                      ││Chain hash: 19f95beaa579045d                                                  │
│                                                                                                                      ││Markers: 0                                                                    │
│                                                                                                                      ││Marked: No                                                                    │
│                                                                                                                      ││                                                                              │
│                                                                                                                      ││── Controls ──                                                                │
│                                                                                                                      ││Space: Play/Pause                                                             │
│                                                                                                                      ││←/→: Step                                                                     │
│█                                                                                                                     ││Home/End: First/Last                                                          │
│                                                                                                                      ││M: Toggle marker                                                              │
│                                                                                                                      ││R: Toggle record                                                              │
│                                                                                                                      ││C: Clear                                                                      │
│                                                                                                                      ││                                                                              │
│                                                                                                                      ││                                                                              │
│                                                                                                                      ││                                                                              │
│                                                                                                                      ││                                                                              │
│                                                                                                                      ││                                                                              │
│                                                                                                                      ││                                                                              │
│                                                                                                                      ││                                                                              │
│                                                                                                                      ││                                                                              │
│                                                                                                                      ││                                                                              │
│                                                                                                                      ││                                                                              │
│                                                                                                                      ││                                                                              │
│                                                                                                                      ││                                                                              │
│                                                                                                                      ││                                                                              │
│                                                                                                                      ││                                                                              │
│                                                                                                                      ││                                                                              │
│                                                                                                                      ││                                                                              │
│                                                                                                                      ││                                                                              │
│                                                                                                                      ││                                                                              │
│                                                                                                                      ││                                                                              │
│                                                                                                                      ││                                                                              │
│                                                                                                                      ││                                                                              │
│                                                                                                                      ││                                                                              │
│                                                                                                                      ││                                                                              │
│                                                                                                                      ││                                                                              │
│                                                                                                                      ││                                                                              │
│                                                                                                                      ││                                                                              │
│                                                                                                                      ││                                                                              │
│                                                                                                                      ││                                                                              │
╰──────────────────────────────────────────────────────────────────────────────────────────────────────────────────────╯╰──────────────────────────────────────────────────────────────────────────────╯