╭───────────────────────────Timeline (50/50)───────────────────────────╮╭──────────────────Frame Info──────────────────╮
│██████████████████████████████████████████████████████████████████████││Status: ⏸ Paused                              │
╰──────────────────────────────────────────────────────────────────────╯│                                              │
╭────────────────────────────Frame Preview─────────────────────────────╮│Frame: 50/50                                  │
│Frame 50/50                                                           ││Size: 40x15                                   │
│                                                                      ││Changes: 21 cells                             │
│                                                                      ││Memory: 9600 bytes                            │
│                                                                      ││Checksum: f34bb5f14ee2235a                    │
│                                                                      ││Render: 590µs                                 │
│                                                                      ││                                              │
│                                                                      ││Chain hash: aa5df5185a4cc35d                  │
│                                                                      ││Markers: 0                                    │
│                                                                      ││Marked: No                                    │
│                                                                      ││                                              │
│                                                                      ││── Controls ──                                │
│                                                                      ││Space: Play/Pause                             │
│         FrankenTUI Demo                                              ││←/→: Step                                     │
│                  █                                                   ││Home/End: First/Last                          │
│━━━━━━━━━━━━━━━━━━━━━━━━━━━━━━━━━━━━━━━                               ││M: Toggle marker                              │
│                                                                      ││R: Toggle record                              │
│                                                                      ││C: Clear                                      │
│                                                                      ││                                              │
│                                                                      ││                                              │
│                                                                      ││                                              │
│                                                                      ││                                              │
│                                                                      ││                                              │
│                                                                      ││                                              │
│                                                                      ││                                              │
│                                                                      ││                                              │
│                                                                      ││                                              │
│                                                                      ││                                              │
│                                                                      ││                                              │
│                                                                      ││                                              │
│                                                                      ││                                              │
│                                                                      ││                                              │
│                                                                      ││                                              │
│                                                                      ││                                              │
│                                                                      ││                                              │
│                                                                      ││                                              │
╰──────────────────────────────────────────────────────────────────────╯╰──────────────────────────────────────────────╯