╭───────────────────────────Timeline (6/50)────────────────────────────╮╭──────────────────Frame Info──────────────────╮
│███████░░░░░░░░░░░░░░░░░░░░░░░░░░░░░░░░░░░░░░░░░░░░░░░░░░░░░░░░░░░░░░░││Status: ⏸ Paused                              │
╰──────────────────────────────────────────────────────────────────────╯│                                              │
╭────────────────────────────Frame Preview─────────────────────────────╮│Frame: 6/50                                   │
│Frame 6/50                                                            ││Size: 40x15                                   │
│                                                                      ││Changes: 37 cells                             │
│                                                                      ││Memory: 9600 bytes                            │
│                                                                      ││Checksum: fffaa5c39061e8d0                    │
│     Press Space to Play                                              ││Render: 150µs                                 │
│                                                                      ││                                              │
│                                                                      ││Chain hash: 19f95beaa579045d                  │
│                                                                      ││Markers: 0                                    │
│                                                                      ││Marked: No                                    │
│                                                                      ││                                              │
│                                                                      ││── Controls ──                                │
│                                                                      ││Space: Play/Pause                             │
│                                                                      ││←/→: Step                                     │
│          █                                                           ││Home/End: First/Last                          │
│━━━━                                                                  ││M: Toggle marker                              │
│                                                                      ││R: Toggle record                              │
│                                                                      ││C: Clear                                      │
│                                                                      ││                                              │
│                                                                      ││                                              │
│                                                                      ││                                              │
│                                                                      ││                                              │
│                                                                      ││                                              │
│                                                                      ││                                              │
│                                                                      ││                                              │
│                                                                      ││                                              │
│                                                                      ││                                              │
│                                                                      ││                                              │
│                                                                      ││                                              │
│                                                                      ││                                              │
│                                                                      ││                                              │
│                                                                      ││                                              │
│                                                                      ││                                              │
│                                                                      ││                                              │
│                                                                      ││                                              │
│                                                                      ││                                              │
╰──────────────────────────────────────────────────────────────────────╯╰──────────────────────────────────────────────╯