╭ ► Presets ────────────╮ ╭   Token Inspector ─────────────────────────────────────────────────────────────────────────╮
│  Cyberpunk Aurora     │ │     fg::PRIMARY          #1F2933  13.0:1 AAA                                               │
│  Darcula              │ │     fg::SECONDARY        #3E4C59  7.8:1  AAA                                               │
│▶ Lumen Light          │ │     fg::MUTED            #7B8794  3.2:1  AA Large                                          │
│  Nordic Frost         │ │     fg::DISABLED         #A0ACB5  2.0:1  Fail                                              │
│  High Contrast        │ │     bg::DEEP             #F8F9FB  1.1:1  Fail                                              │
│                       │ │     bg::BASE             #EEF1F5  1.0:1  Fail                                              │
│                       │ │     bg::SURFACE          #E6EBF1  1.1:1  Fail                                              │
│                       │ │     bg::OVERLAY          #DCE3EC  1.1:1  Fail                                              │
│                       │ │     bg::HIGHLIGHT        #D0D9E4  1.3:1  Fail                                              │
│                       │ │     accent::PRIMARY      #2563EB  4.6:1  AA                                                │
│                       │ │     accent::SECONDARY    #7C3AED  5.0:1  AA                                                │
│                       │ │     accent::SUCCESS      #0F7837  4.9:1  AA                                                │
│                       │ │     accent::WARNING      #B45309  4.4:1  AA Large                                          │
│                       │ │     accent::ERROR        #B91C1C  5.7:1  AA                                                │
│                       │ │     accent::INFO         #0284C7  3.6:1  AA Large                                          │
│                       │ │     accent::LINK         #2563EB  4.6:1  AA                                                │
│                       │ │     StatusOpen           #0F7837  4.9:1  AA                                                │
│                       │ │     StatusInProgress     #0872A9  4.6:1  AA                                                │
│                       │ │     StatusBlocked        #B91C1C  5.7:1  AA                                                │
│                       │ │     StatusClosed         #5F6B77  4.8:1  AA                                                │
│                       │ │     PriorityP0           #B91C1C  5.7:1  AA                                                │
│                       │ │     PriorityP1           #B63D11  5.1:1  AA                                                │
│                       │ │     PriorityP2           #B45309  4.4:1  AA Large                                          │
│                       │ │     PriorityP3           #0284C7  3.6:1  AA Large                                          │
│                       │ │     PriorityP4           #7B8794  3.2:1  AA Large                                          │
│                       │ │                                                                                            │
│                       │ │                                                                                            │
│                       │ │                                                                                            │
│                       │ │                                                                                            │
│                       │ │                                                                                            │
│                       │ │                                                                                            │
│                       │ │                                                                                            │
│                       │ │                                                                                            │
│                       │ │                                                                                            │
│                       │ │                                                                                            │
│                       │ │                                                                                            │
│                       │ │                                                                                            │
╰───────────────────────╯ ╰────────────────────────────────────────────────────────────────────────────────────────────╯
Press E to export theme                                                                                                 