▸ A: Borders │   B: Text Styles │   C: Colors │   D: Interactive │   E: Data │   F: Layout │   G: Utility               
+ASCII---------------------------------+┌────────────────Square────────────────┐╭───────────────────────────────Rounded╮
|Border: ASCII                         |│Border: Square                        ││Border: Rounded                       │
|Align: Left                           |│Align: Center                         ││Align: Right                          │
|                                      |│                                      ││                                      │
|                                      |│                                      ││                                      │
|                                      |│                                      ││                                      │
|                                      |│                                      ││                                      │
|                                      |│                                      ││                                      │
|                                      |│                                      ││                                      │
|                                      |│                                      ││                                      │
|                                      |│                                      ││                                      │
|                                      |│                                      ││                                      │
|                                      |│                                      ││                                      │
|                                      |│                                      ││                                      │
|                                      |│                                      ││                                      │
|                                      |│                                      ││                                      │
|                                      |│                                      ││                                      │
|                                      |│                                      ││                                      │
+--------------------------------------+└──────────────────────────────────────┘╰──────────────────────────────────────╯
╔Double════════════════════════════════╗┏━━━━━━━━━━━━━━━━Heavy━━━━━━━━━━━━━━━━━┓╭────────────────────────────────Custom╮
║Border: Double                        ║┃Border: Heavy                         ┃│Border: Custom                        │
║Align: Left                           ║┃Align: Center                         ┃│Align: Right                          │
║                                      ║┃                                      ┃│                                      │
║                                      ║┃                                      ┃│                                      │
║                                      ║┃                                      ┃│                                      │
║                                      ║┃                                      ┃│                                      │
║                                      ║┃                                      ┃│                                      │
║                                      ║┃                                      ┃│                                      │
║                                      ║┃                                      ┃│                                      │
║                                      ║┃                                      ┃│                                      │
║                                      ║┃                                      ┃│                                      │
║                                      ║┃                                      ┃│                                      │
║                                      ║┃                                      ┃│                                      │
║                                      ║┃                                      ┃│                                      │
║                                      ║┃                                      ┃│                                      │
║                                      ║┃                                      ┃│                                      │
║                                      ║┃                                      ┃│                                      │
╚══════════════════════════════════════╝┗━━━━━━━━━━━━━━━━━━━━━━━━━━━━━━━━━━━━━━┛╰──────────────────────────────────────╯
*......                                                                                                                 