  A: Borders │ ▸ B: Text Styles │   C: Colors │   D: Interactive │   E: Data │   F: Layout │   G: Utility               
╭Text Style Flags──────────────────────────────────────────────────────────────────────────────────────────────────────╮
│Bold            Dim             Italic          Underline       DblUnder        CurlyUL         Blink                 │
│Reverse         Hidden          Strike          Bold+Italic     Bold+Under      Dim+Italic      All Flags             │
│                                                                                                                      │
│                                                                                                                      │
│                                                                                                                      │
│                                                                                                                      │
│                                                                                                                      │
│                                                                                                                      │
│                                                                                                                      │
│                                                                                                                      │
│                                                                                                                      │
│                                                                                                                      │
│                                                                                                                      │
│                                                                                                                      │
│                                                                                                                      │
│                                                                                                                      │
│                                                                                                                      │
│                                                                                                                      │
│                                                                                                                      │
│                                                                                                                      │
│                                                                                                                      │
│                                                                                                                      │
│                                                                                                                      │
│                                                                                                                      │
│                                                                                                                      │
│                                                                                                                      │
│                                                                                                                      │
│                                                                                                                      │
│                                                                                                                      │
│                                                                                                                      │
│                                                                                                                      │
│                                                                                                                      │
│                                                                                                                      │
│                                                                                                                      │
│                                                                                                                      │
│                                                                                                                      │
╰──────────────────────────────────────────────────────────────────────────────────────────────────────────────────────╯
.*.....                                                                                                                 