............................................................
............┌──────── Command Palette ─────────┐............
............│>Type to search...                │............
............│ No actions registered            │............
............│                                  │............
............└──────────────────────────────────┘............
............................................................
............................................................
............................................................
............................................................