                                        
     ┌───── Command Palette ──────┐     
     │>Type to search...          │     
     │  Action 00                 │     
     │  Action 01                 │     
     │  Action 02                 │     
     │  Action 03                 │     
     │  Action 04                 │     
     └────────────────────────────┘     
                                        